  Determinando los proyectos que se van a restaurar...
c:\ProyectNet\PETRO_BOT\PETRO_BOT.csproj : warning NU1903: El paquete "SQLitePCLRaw.lib.e_sqlite3" 2.1.10 tiene una vulnerabilidad de gravedad alta conocida, https://github.com/advisories/GHSA-2m69-gcr7-jv3q [c:\ProyectNet\PETRO_BOT\PETRO_BOT.slnx]
  Todos los proyectos est├ín actualizados para la restauraci├│n.
c:\ProyectNet\PETRO_BOT\PETRO_BOT.csproj : warning NU1903: El paquete "SQLitePCLRaw.lib.e_sqlite3" 2.1.10 tiene una vulnerabilidad de gravedad alta conocida, https://github.com/advisories/GHSA-2m69-gcr7-jv3q
c:\ProyectNet\PETRO_BOT\Components\Pages\ConfigDescuentos\ConfigDescuentos.razor(2208,39): error RZ9980: Unclosed tag '' with no matching end tag. [c:\ProyectNet\PETRO_BOT\PETRO_BOT.csproj]
c:\ProyectNet\PETRO_BOT\Components\Pages\ConfigDescuentos\ConfigDescuentos.razor(2214,39): error RZ9980: Unclosed tag '' with no matching end tag. [c:\ProyectNet\PETRO_BOT\PETRO_BOT.csproj]
c:\ProyectNet\PETRO_BOT\Components\Pages\ConfigDescuentos\ConfigDescuentos.razor(2216,43): error RZ9980: Unclosed tag 'CeldaExcelInfo' with no matching end tag. [c:\ProyectNet\PETRO_BOT\PETRO_BOT.csproj]
c:\ProyectNet\PETRO_BOT\Components\Pages\ConfigDescuentos\ConfigDescuentos.razor(2216,43): warning RZ10012: Found markup element with unexpected name 'CeldaExcelInfo'. If this is intended to be a component, add a @using directive for its namespace. [c:\ProyectNet\PETRO_BOT\PETRO_BOT.csproj]
c:\ProyectNet\PETRO_BOT\Components\Pages\ConfigDescuentos\ConfigDescuentos.razor(2217,43): error RZ9980: Unclosed tag '' with no matching end tag. [c:\ProyectNet\PETRO_BOT\PETRO_BOT.csproj]
c:\ProyectNet\PETRO_BOT\Components\Pages\ConfigDescuentos\ConfigDescuentos.razor(2304,30): error RZ9980: Unclosed tag 'string' with no matching end tag. [c:\ProyectNet\PETRO_BOT\PETRO_BOT.csproj]
c:\ProyectNet\PETRO_BOT\Components\Pages\ConfigDescuentos\ConfigDescuentos.razor(2585,43): error RZ9980: Unclosed tag '' with no matching end tag. [c:\ProyectNet\PETRO_BOT\PETRO_BOT.csproj]
c:\ProyectNet\PETRO_BOT\Components\Pages\ConfigDescuentos\ConfigDescuentos.razor(2588,47): error RZ9980: Unclosed tag '' with no matching end tag. [c:\ProyectNet\PETRO_BOT\PETRO_BOT.csproj]
c:\ProyectNet\PETRO_BOT\Components\Pages\ConfigDescuentos\ConfigDescuentos.razor(2590,60): error RZ10007: The attribute '}' is used two or more times for this element. Attributes must be unique (case-insensitive). [c:\ProyectNet\PETRO_BOT\PETRO_BOT.csproj]
c:\ProyectNet\PETRO_BOT\Components\Pages\ConfigDescuentos\ConfigDescuentos.razor(2693,43): error RZ9980: Unclosed tag '' with no matching end tag. [c:\ProyectNet\PETRO_BOT\PETRO_BOT.csproj]
c:\ProyectNet\PETRO_BOT\Components\Pages\ConfigDescuentos\ConfigDescuentos.razor(2696,47): error RZ9980: Unclosed tag '' with no matching end tag. [c:\ProyectNet\PETRO_BOT\PETRO_BOT.csproj]
c:\ProyectNet\PETRO_BOT\Components\Pages\ConfigDescuentos\ConfigDescuentos.razor(2698,60): error RZ10007: The attribute '}' is used two or more times for this element. Attributes must be unique (case-insensitive). [c:\ProyectNet\PETRO_BOT\PETRO_BOT.csproj]
c:\ProyectNet\PETRO_BOT\Components\Pages\ConfigDescuentos\ConfigDescuentos.razor(2721,43): error RZ9980: Unclosed tag '' with no matching end tag. [c:\ProyectNet\PETRO_BOT\PETRO_BOT.csproj]
c:\ProyectNet\PETRO_BOT\Components\Pages\ConfigDescuentos\ConfigDescuentos.razor(2724,47): error RZ9980: Unclosed tag '' with no matching end tag. [c:\ProyectNet\PETRO_BOT\PETRO_BOT.csproj]
c:\ProyectNet\PETRO_BOT\Components\Pages\ConfigDescuentos\ConfigDescuentos.razor(2726,60): error RZ10007: The attribute '}' is used two or more times for this element. Attributes must be unique (case-insensitive). [c:\ProyectNet\PETRO_BOT\PETRO_BOT.csproj]
c:\ProyectNet\PETRO_BOT\Services\ServRegistroVentas\ConfiguracionService.cs(908,50): error CS0103: El nombre 'transaction' no existe en el contexto actual [c:\ProyectNet\PETRO_BOT\PETRO_BOT.csproj]
c:\ProyectNet\PETRO_BOT\Services\ServRegistroVentas\ConfiguracionService.cs(927,50): error CS0103: El nombre 'transaction' no existe en el contexto actual [c:\ProyectNet\PETRO_BOT\PETRO_BOT.csproj]
c:\ProyectNet\PETRO_BOT\Components\Pages\ConfigDescuentos\ConfigDescuentos.razor(31,39): error CS0103: El nombre 'AbrirModalAgregarGrifo' no existe en el contexto actual [c:\ProyectNet\PETRO_BOT\PETRO_BOT.csproj]
c:\ProyectNet\PETRO_BOT\Components\Pages\ConfigDescuentos\ConfigDescuentos.razor(45,46): error CS0103: El nombre 'SeleccionarGrifo' no existe en el contexto actual [c:\ProyectNet\PETRO_BOT\PETRO_BOT.csproj]
c:\ProyectNet\PETRO_BOT\Components\Pages\ConfigDescuentos\ConfigDescuentos.razor(101,84): error CS0103: El nombre 'CargarRegistroVentasArchivo' no existe en el contexto actual [c:\ProyectNet\PETRO_BOT\PETRO_BOT.csproj]
c:\ProyectNet\PETRO_BOT\Components\Pages\ConfigDescuentos\ConfigDescuentos.razor(106,55): error CS0103: El nombre 'AbrirModalVerRegistroVentas' no existe en el contexto actual [c:\ProyectNet\PETRO_BOT\PETRO_BOT.csproj]
c:\ProyectNet\PETRO_BOT\Components\Pages\ConfigDescuentos\ConfigDescuentos.razor(120,74): error CS0103: El nombre 'CargarPlantillaArchivo' no existe en el contexto actual [c:\ProyectNet\PETRO_BOT\PETRO_BOT.csproj]
c:\ProyectNet\PETRO_BOT\Components\Pages\ConfigDescuentos\ConfigDescuentos.razor(125,55): error CS0103: El nombre 'AbrirModalVerPlantilla' no existe en el contexto actual [c:\ProyectNet\PETRO_BOT\PETRO_BOT.csproj]
c:\ProyectNet\PETRO_BOT\Components\Pages\ConfigDescuentos\ConfigDescuentos.razor(136,51): error CS0103: El nombre 'ConfirmarEliminarGrifo' no existe en el contexto actual [c:\ProyectNet\PETRO_BOT\PETRO_BOT.csproj]
c:\ProyectNet\PETRO_BOT\Components\Pages\ConfigDescuentos\ConfigDescuentos.razor(137,51): error CS0103: El nombre 'ConfirmarEliminarConfiguracion' no existe en el contexto actual [c:\ProyectNet\PETRO_BOT\PETRO_BOT.csproj]
c:\ProyectNet\PETRO_BOT\Components\Pages\ConfigDescuentos\ConfigDescuentos.razor(138,51): error CS0103: El nombre 'CancelarEdicion' no existe en el contexto actual [c:\ProyectNet\PETRO_BOT\PETRO_BOT.csproj]
c:\ProyectNet\PETRO_BOT\Components\Pages\ConfigDescuentos\ConfigDescuentos.razor(139,51): error CS0103: El nombre 'GuardarConfiguracion' no existe en el contexto actual [c:\ProyectNet\PETRO_BOT\PETRO_BOT.csproj]
c:\ProyectNet\PETRO_BOT\Components\Pages\ConfigDescuentos\ConfigDescuentos.razor(189,55): error CS0103: El nombre 'writeProps' no existe en el contexto actual [c:\ProyectNet\PETRO_BOT\PETRO_BOT.csproj]
c:\ProyectNet\PETRO_BOT\Components\Pages\ConfigDescuentos\ConfigDescuentos.razor(192,128): error CS0103: El nombre 'GetFriendlyWriteLabel' no existe en el contexto actual [c:\ProyectNet\PETRO_BOT\PETRO_BOT.csproj]
c:\ProyectNet\PETRO_BOT\Components\Pages\ConfigDescuentos\ConfigDescuentos.razor(194,69): error CS0103: El nombre 'ActivarSeleccionWriteCol' no existe en el contexto actual [c:\ProyectNet\PETRO_BOT\PETRO_BOT.csproj]
c:\ProyectNet\PETRO_BOT\Components\Pages\ConfigDescuentos\ConfigDescuentos.razor(200,73): error CS0103: El nombre 'LimpiarWriteCol' no existe en el contexto actual [c:\ProyectNet\PETRO_BOT\PETRO_BOT.csproj]
c:\ProyectNet\PETRO_BOT\Components\Pages\ConfigDescuentos\ConfigDescuentos.razor(228,53): error CS0103: El nombre 'CerrarModalAgregarGrifo' no existe en el contexto actual [c:\ProyectNet\PETRO_BOT\PETRO_BOT.csproj]
c:\ProyectNet\PETRO_BOT\Components\Pages\ConfigDescuentos\ConfigDescuentos.razor(232,35): error CS0103: El nombre 'CerrarModalAgregarGrifo' no existe en el contexto actual [c:\ProyectNet\PETRO_BOT\PETRO_BOT.csproj]
c:\ProyectNet\PETRO_BOT\Components\Pages\ConfigDescuentos\ConfigDescuentos.razor(243,35): error CS0103: El nombre 'CerrarModalAgregarGrifo' no existe en el contexto actual [c:\ProyectNet\PETRO_BOT\PETRO_BOT.csproj]
c:\ProyectNet\PETRO_BOT\Components\Pages\ConfigDescuentos\ConfigDescuentos.razor(244,35): error CS0103: El nombre 'AgregarNuevoGrifo' no existe en el contexto actual [c:\ProyectNet\PETRO_BOT\PETRO_BOT.csproj]
c:\ProyectNet\PETRO_BOT\Components\Pages\ConfigDescuentos\ConfigDescuentos.razor(254,53): error CS0103: El nombre 'CerrarModalAgregarCliente' no existe en el contexto actual [c:\ProyectNet\PETRO_BOT\PETRO_BOT.csproj]
c:\ProyectNet\PETRO_BOT\Components\Pages\ConfigDescuentos\ConfigDescuentos.razor(258,35): error CS0103: El nombre 'CerrarModalAgregarCliente' no existe en el contexto actual [c:\ProyectNet\PETRO_BOT\PETRO_BOT.csproj]
c:\ProyectNet\PETRO_BOT\Components\Pages\ConfigDescuentos\ConfigDescuentos.razor(273,50): error CS0103: El nombre 'CargarArchivosClientes' no existe en el contexto actual [c:\ProyectNet\PETRO_BOT\PETRO_BOT.csproj]
c:\ProyectNet\PETRO_BOT\Components\Pages\ConfigDescuentos\ConfigDescuentos.razor(332,77): error CS0103: El nombre 'AgregarClienteDesdeModal' no existe en el contexto actual [c:\ProyectNet\PETRO_BOT\PETRO_BOT.csproj]
c:\ProyectNet\PETRO_BOT\Components\Pages\ConfigDescuentos\ConfigDescuentos.razor(347,35): error CS0103: El nombre 'CerrarModalAgregarCliente' no existe en el contexto actual [c:\ProyectNet\PETRO_BOT\PETRO_BOT.csproj]
c:\ProyectNet\PETRO_BOT\Components\Pages\ConfigDescuentos\ConfigDescuentos.razor(350,39): error CS0103: El nombre 'ImportarTodosLosClientes' no existe en el contexto actual [c:\ProyectNet\PETRO_BOT\PETRO_BOT.csproj]
c:\ProyectNet\PETRO_BOT\Components\Pages\ConfigDescuentos\ConfigDescuentos.razor(363,53): error CS0103: El nombre 'CerrarModalVerPlantilla' no existe en el contexto actual [c:\ProyectNet\PETRO_BOT\PETRO_BOT.csproj]
c:\ProyectNet\PETRO_BOT\Components\Pages\ConfigDescuentos\ConfigDescuentos.razor(377,35): error CS0103: El nombre 'CerrarModalVerPlantilla' no existe en el contexto actual [c:\ProyectNet\PETRO_BOT\PETRO_BOT.csproj]
c:\ProyectNet\PETRO_BOT\Components\Pages\ConfigDescuentos\ConfigDescuentos.razor(391,53): error CS0103: El nombre 'CargarDatosHojaExcel' no existe en el contexto actual [c:\ProyectNet\PETRO_BOT\PETRO_BOT.csproj]
c:\ProyectNet\PETRO_BOT\Components\Pages\ConfigDescuentos\ConfigDescuentos.razor(403,53): error CS0103: El nombre 'campoSeleccionandoModal' no existe en el contexto actual [c:\ProyectNet\PETRO_BOT\PETRO_BOT.csproj]
c:\ProyectNet\PETRO_BOT\Components\Pages\ConfigDescuentos\ConfigDescuentos.razor(403,82): error CS0103: El nombre 'campoSeleccionandoModal' no existe en el contexto actual [c:\ProyectNet\PETRO_BOT\PETRO_BOT.csproj]
c:\ProyectNet\PETRO_BOT\Components\Pages\ConfigDescuentos\ConfigDescuentos.razor(403,117): error CS0103: El nombre 'campoSeleccionandoModal' no existe en el contexto actual [c:\ProyectNet\PETRO_BOT\PETRO_BOT.csproj]
c:\ProyectNet\PETRO_BOT\Components\Pages\ConfigDescuentos\ConfigDescuentos.razor(412,240): error CS0103: El nombre 'GetActiveSelectionLabel' no existe en el contexto actual [c:\ProyectNet\PETRO_BOT\PETRO_BOT.csproj]
c:\ProyectNet\PETRO_BOT\Components\Pages\ConfigDescuentos\ConfigDescuentos.razor(416,53): error CS0103: El nombre 'SeleccionarCeldaWriteColDesdePlantilla' no existe en el contexto actual [c:\ProyectNet\PETRO_BOT\PETRO_BOT.csproj]
c:\ProyectNet\PETRO_BOT\Components\Pages\ConfigDescuentos\ConfigDescuentos.razor(419,47): error CS0103: El nombre 'CerrarModalVerPlantilla' no existe en el contexto actual [c:\ProyectNet\PETRO_BOT\PETRO_BOT.csproj]
c:\ProyectNet\PETRO_BOT\Components\Pages\ConfigDescuentos\ConfigDescuentos.razor(425,26): error CS0103: El nombre 'campoSeleccionandoModal' no existe en el contexto actual [c:\ProyectNet\PETRO_BOT\PETRO_BOT.csproj]
c:\ProyectNet\PETRO_BOT\Components\Pages\ConfigDescuentos\ConfigDescuentos.razor(425,71): error CS0103: El nombre 'campoSeleccionandoModal' no existe en el contexto actual [c:\ProyectNet\PETRO_BOT\PETRO_BOT.csproj]
c:\ProyectNet\PETRO_BOT\Components\Pages\ConfigDescuentos\ConfigDescuentos.razor(425,117): error CS0103: El nombre 'campoSeleccionandoModal' no existe en el contexto actual [c:\ProyectNet\PETRO_BOT\PETRO_BOT.csproj]
c:\ProyectNet\PETRO_BOT\Components\Pages\ConfigDescuentos\ConfigDescuentos.razor(425,162): error CS0103: El nombre 'campoSeleccionandoModal' no existe en el contexto actual [c:\ProyectNet\PETRO_BOT\PETRO_BOT.csproj]
c:\ProyectNet\PETRO_BOT\Components\Pages\ConfigDescuentos\ConfigDescuentos.razor(425,206): error CS0103: El nombre 'campoSeleccionandoModal' no existe en el contexto actual [c:\ProyectNet\PETRO_BOT\PETRO_BOT.csproj]
c:\ProyectNet\PETRO_BOT\Components\Pages\ConfigDescuentos\ConfigDescuentos.razor(425,249): error CS0103: El nombre 'campoSeleccionandoModal' no existe en el contexto actual [c:\ProyectNet\PETRO_BOT\PETRO_BOT.csproj]
c:\ProyectNet\PETRO_BOT\Components\Pages\ConfigDescuentos\ConfigDescuentos.razor(425,293): error CS0103: El nombre 'campoSeleccionandoModal' no existe en el contexto actual [c:\ProyectNet\PETRO_BOT\PETRO_BOT.csproj]
c:\ProyectNet\PETRO_BOT\Components\Pages\ConfigDescuentos\ConfigDescuentos.razor(425,343): error CS0103: El nombre 'campoSeleccionandoModal' no existe en el contexto actual [c:\ProyectNet\PETRO_BOT\PETRO_BOT.csproj]
c:\ProyectNet\PETRO_BOT\Components\Pages\ConfigDescuentos\ConfigDescuentos.razor(425,392): error CS0103: El nombre 'campoSeleccionandoModal' no existe en el contexto actual [c:\ProyectNet\PETRO_BOT\PETRO_BOT.csproj]
c:\ProyectNet\PETRO_BOT\Components\Pages\ConfigDescuentos\ConfigDescuentos.razor(427,37): error CS0103: El nombre 'campoSeleccionandoModal' no existe en el contexto actual [c:\ProyectNet\PETRO_BOT\PETRO_BOT.csproj]
c:\ProyectNet\PETRO_BOT\Components\Pages\ConfigDescuentos\ConfigDescuentos.razor(428,37): error CS0103: El nombre 'campoSeleccionandoModal' no existe en el contexto actual [c:\ProyectNet\PETRO_BOT\PETRO_BOT.csproj]
c:\ProyectNet\PETRO_BOT\Components\Pages\ConfigDescuentos\ConfigDescuentos.razor(429,37): error CS0103: El nombre 'campoSeleccionandoModal' no existe en el contexto actual [c:\ProyectNet\PETRO_BOT\PETRO_BOT.csproj]
c:\ProyectNet\PETRO_BOT\Components\Pages\ConfigDescuentos\ConfigDescuentos.razor(430,37): error CS0103: El nombre 'campoSeleccionandoModal' no existe en el contexto actual [c:\ProyectNet\PETRO_BOT\PETRO_BOT.csproj]
c:\ProyectNet\PETRO_BOT\Components\Pages\ConfigDescuentos\ConfigDescuentos.razor(431,37): error CS0103: El nombre 'campoSeleccionandoModal' no existe en el contexto actual [c:\ProyectNet\PETRO_BOT\PETRO_BOT.csproj]
c:\ProyectNet\PETRO_BOT\Components\Pages\ConfigDescuentos\ConfigDescuentos.razor(432,37): error CS0103: El nombre 'campoSeleccionandoModal' no existe en el contexto actual [c:\ProyectNet\PETRO_BOT\PETRO_BOT.csproj]
c:\ProyectNet\PETRO_BOT\Components\Pages\ConfigDescuentos\ConfigDescuentos.razor(433,37): error CS0103: El nombre 'campoSeleccionandoModal' no existe en el contexto actual [c:\ProyectNet\PETRO_BOT\PETRO_BOT.csproj]
c:\ProyectNet\PETRO_BOT\Components\Pages\ConfigDescuentos\ConfigDescuentos.razor(434,37): error CS0103: El nombre 'campoSeleccionandoModal' no existe en el contexto actual [c:\ProyectNet\PETRO_BOT\PETRO_BOT.csproj]
c:\ProyectNet\PETRO_BOT\Components\Pages\ConfigDescuentos\ConfigDescuentos.razor(447,53): error CS0103: El nombre 'SeleccionarCeldaDesdePlantilla' no existe en el contexto actual [c:\ProyectNet\PETRO_BOT\PETRO_BOT.csproj]
c:\ProyectNet\PETRO_BOT\Components\Pages\ConfigDescuentos\ConfigDescuentos.razor(450,47): error CS0103: El nombre 'CerrarModalVerPlantilla' no existe en el contexto actual [c:\ProyectNet\PETRO_BOT\PETRO_BOT.csproj]
c:\ProyectNet\PETRO_BOT\Components\Pages\ConfigDescuentos\ConfigDescuentos.razor(456,26): error CS0103: El nombre 'campoSeleccionandoModal' no existe en el contexto actual [c:\ProyectNet\PETRO_BOT\PETRO_BOT.csproj]
c:\ProyectNet\PETRO_BOT\Components\Pages\ConfigDescuentos\ConfigDescuentos.razor(469,53): error CS0103: El nombre 'SeleccionarFilaFinalDesdePlantilla' no existe en el contexto actual [c:\ProyectNet\PETRO_BOT\PETRO_BOT.csproj]
c:\ProyectNet\PETRO_BOT\Components\Pages\ConfigDescuentos\ConfigDescuentos.razor(472,47): error CS0103: El nombre 'CerrarModalVerPlantilla' no existe en el contexto actual [c:\ProyectNet\PETRO_BOT\PETRO_BOT.csproj]
c:\ProyectNet\PETRO_BOT\Components\Pages\ConfigDescuentos\ConfigDescuentos.razor(478,50): error CS0103: El nombre 'campoSeleccionandoModal' no existe en el contexto actual [c:\ProyectNet\PETRO_BOT\PETRO_BOT.csproj]
c:\ProyectNet\PETRO_BOT\Components\Pages\ConfigDescuentos\ConfigDescuentos.razor(487,190): error CS0103: El nombre 'campoSeleccionandoModal' no existe en el contexto actual [c:\ProyectNet\PETRO_BOT\PETRO_BOT.csproj]
c:\ProyectNet\PETRO_BOT\Components\Pages\ConfigDescuentos\ConfigDescuentos.razor(491,53): error CS0103: El nombre 'SeleccionarCeldaFilaDesdePlantilla' no existe en el contexto actual [c:\ProyectNet\PETRO_BOT\PETRO_BOT.csproj]
c:\ProyectNet\PETRO_BOT\Components\Pages\ConfigDescuentos\ConfigDescuentos.razor(494,47): error CS0103: El nombre 'CerrarModalVerPlantilla' no existe en el contexto actual [c:\ProyectNet\PETRO_BOT\PETRO_BOT.csproj]
c:\ProyectNet\PETRO_BOT\Components\Pages\ConfigDescuentos\ConfigDescuentos.razor(521,58): error CS0103: El nombre 'GetExcelColumnName' no existe en el contexto actual [c:\ProyectNet\PETRO_BOT\PETRO_BOT.csproj]
c:\ProyectNet\PETRO_BOT\Components\Pages\ConfigDescuentos\ConfigDescuentos.razor(535,101): error CS0103: El nombre 'campoSeleccionandoModal' no existe en el contexto actual [c:\ProyectNet\PETRO_BOT\PETRO_BOT.csproj]
c:\ProyectNet\PETRO_BOT\Components\Pages\ConfigDescuentos\ConfigDescuentos.razor(535,130): error CS0103: El nombre 'campoSeleccionandoModal' no existe en el contexto actual [c:\ProyectNet\PETRO_BOT\PETRO_BOT.csproj]
c:\ProyectNet\PETRO_BOT\Components\Pages\ConfigDescuentos\ConfigDescuentos.razor(535,165): error CS0103: El nombre 'campoSeleccionandoModal' no existe en el contexto actual [c:\ProyectNet\PETRO_BOT\PETRO_BOT.csproj]
c:\ProyectNet\PETRO_BOT\Components\Pages\ConfigDescuentos\ConfigDescuentos.razor(555,72): error CS0103: El nombre 'GetExcelColumnName' no existe en el contexto actual [c:\ProyectNet\PETRO_BOT\PETRO_BOT.csproj]
c:\ProyectNet\PETRO_BOT\Components\Pages\ConfigDescuentos\ConfigDescuentos.razor(574,57): error CS0103: El nombre 'campoSeleccionandoModal' no existe en el contexto actual [c:\ProyectNet\PETRO_BOT\PETRO_BOT.csproj]
c:\ProyectNet\PETRO_BOT\Components\Pages\ConfigDescuentos\ConfigDescuentos.razor(574,92): error CS0103: El nombre 'campoSeleccionandoModal' no existe en el contexto actual [c:\ProyectNet\PETRO_BOT\PETRO_BOT.csproj]
c:\ProyectNet\PETRO_BOT\Components\Pages\ConfigDescuentos\ConfigDescuentos.razor(576,77): error CS0103: El nombre 'campoSeleccionandoModal' no existe en el contexto actual [c:\ProyectNet\PETRO_BOT\PETRO_BOT.csproj]
c:\ProyectNet\PETRO_BOT\Components\Pages\ConfigDescuentos\ConfigDescuentos.razor(581,70): error CS0103: El nombre 'campoSeleccionandoModal' no existe en el contexto actual [c:\ProyectNet\PETRO_BOT\PETRO_BOT.csproj]
c:\ProyectNet\PETRO_BOT\Components\Pages\ConfigDescuentos\ConfigDescuentos.razor(584,111): error CS0103: El nombre 'campoSeleccionandoModal' no existe en el contexto actual [c:\ProyectNet\PETRO_BOT\PETRO_BOT.csproj]
c:\ProyectNet\PETRO_BOT\Components\Pages\ConfigDescuentos\ConfigDescuentos.razor(584,140): error CS0103: El nombre 'campoSeleccionandoModal' no existe en el contexto actual [c:\ProyectNet\PETRO_BOT\PETRO_BOT.csproj]
c:\ProyectNet\PETRO_BOT\Components\Pages\ConfigDescuentos\ConfigDescuentos.razor(584,175): error CS0103: El nombre 'campoSeleccionandoModal' no existe en el contexto actual [c:\ProyectNet\PETRO_BOT\PETRO_BOT.csproj]
c:\ProyectNet\PETRO_BOT\Components\Pages\ConfigDescuentos\ConfigDescuentos.razor(592,85): error CS0103: El nombre 'SeleccionarCeldaWriteColDesdePlantilla' no existe en el contexto actual [c:\ProyectNet\PETRO_BOT\PETRO_BOT.csproj]
c:\ProyectNet\PETRO_BOT\Components\Pages\ConfigDescuentos\ConfigDescuentos.razor(594,77): error CS0103: El nombre 'GetCeldaStyle' no existe en el contexto actual [c:\ProyectNet\PETRO_BOT\PETRO_BOT.csproj]
c:\ProyectNet\PETRO_BOT\Components\Pages\ConfigDescuentos\ConfigDescuentos.razor(602,115): error CS0103: El nombre 'GetActiveSelectionLabel' no existe en el contexto actual [c:\ProyectNet\PETRO_BOT\PETRO_BOT.csproj]
c:\ProyectNet\PETRO_BOT\Components\Pages\ConfigDescuentos\ConfigDescuentos.razor(609,121): error CS0103: El nombre 'GetFriendlyLabel' no existe en el contexto actual [c:\ProyectNet\PETRO_BOT\PETRO_BOT.csproj]
c:\ProyectNet\PETRO_BOT\Components\Pages\ConfigDescuentos\ConfigDescuentos.razor(611,78): error CS0103: El nombre 'GetCeldaStyle' no existe en el contexto actual [c:\ProyectNet\PETRO_BOT\PETRO_BOT.csproj]
c:\ProyectNet\PETRO_BOT\Components\Pages\ConfigDescuentos\ConfigDescuentos.razor(625,85): error CS0103: El nombre 'SeleccionarCeldaWriteColDesdePlantilla' no existe en el contexto actual [c:\ProyectNet\PETRO_BOT\PETRO_BOT.csproj]
c:\ProyectNet\PETRO_BOT\Components\Pages\ConfigDescuentos\ConfigDescuentos.razor(627,78): error CS0103: El nombre 'GetCeldaStyle' no existe en el contexto actual [c:\ProyectNet\PETRO_BOT\PETRO_BOT.csproj]
c:\ProyectNet\PETRO_BOT\Components\Pages\ConfigDescuentos\ConfigDescuentos.razor(628,127): error CS0103: El nombre 'GetActiveSelectionLabel' no existe en el contexto actual [c:\ProyectNet\PETRO_BOT\PETRO_BOT.csproj]
c:\ProyectNet\PETRO_BOT\Components\Pages\ConfigDescuentos\ConfigDescuentos.razor(636,73): error CS0103: El nombre 'GetCeldaStyle' no existe en el contexto actual [c:\ProyectNet\PETRO_BOT\PETRO_BOT.csproj]
c:\ProyectNet\PETRO_BOT\Components\Pages\ConfigDescuentos\ConfigDescuentos.razor(647,73): error CS0103: El nombre 'GetCeldaStyle' no existe en el contexto actual [c:\ProyectNet\PETRO_BOT\PETRO_BOT.csproj]
c:\ProyectNet\PETRO_BOT\Components\Pages\ConfigDescuentos\ConfigDescuentos.razor(655,136): error CS0103: El nombre 'GetFriendlyLabel' no existe en el contexto actual [c:\ProyectNet\PETRO_BOT\PETRO_BOT.csproj]
c:\ProyectNet\PETRO_BOT\Components\Pages\ConfigDescuentos\ConfigDescuentos.razor(668,73): error CS0103: El nombre 'GetCeldaStyle' no existe en el contexto actual [c:\ProyectNet\PETRO_BOT\PETRO_BOT.csproj]
c:\ProyectNet\PETRO_BOT\Components\Pages\ConfigDescuentos\ConfigDescuentos.razor(677,57): error CS0103: El nombre 'campoSeleccionandoModal' no existe en el contexto actual [c:\ProyectNet\PETRO_BOT\PETRO_BOT.csproj]
c:\ProyectNet\PETRO_BOT\Components\Pages\ConfigDescuentos\ConfigDescuentos.razor(677,102): error CS0103: El nombre 'campoSeleccionandoModal' no existe en el contexto actual [c:\ProyectNet\PETRO_BOT\PETRO_BOT.csproj]
c:\ProyectNet\PETRO_BOT\Components\Pages\ConfigDescuentos\ConfigDescuentos.razor(677,148): error CS0103: El nombre 'campoSeleccionandoModal' no existe en el contexto actual [c:\ProyectNet\PETRO_BOT\PETRO_BOT.csproj]
c:\ProyectNet\PETRO_BOT\Components\Pages\ConfigDescuentos\ConfigDescuentos.razor(677,193): error CS0103: El nombre 'campoSeleccionandoModal' no existe en el contexto actual [c:\ProyectNet\PETRO_BOT\PETRO_BOT.csproj]
c:\ProyectNet\PETRO_BOT\Components\Pages\ConfigDescuentos\ConfigDescuentos.razor(677,237): error CS0103: El nombre 'campoSeleccionandoModal' no existe en el contexto actual [c:\ProyectNet\PETRO_BOT\PETRO_BOT.csproj]
c:\ProyectNet\PETRO_BOT\Components\Pages\ConfigDescuentos\ConfigDescuentos.razor(677,280): error CS0103: El nombre 'campoSeleccionandoModal' no existe en el contexto actual [c:\ProyectNet\PETRO_BOT\PETRO_BOT.csproj]
c:\ProyectNet\PETRO_BOT\Components\Pages\ConfigDescuentos\ConfigDescuentos.razor(677,324): error CS0103: El nombre 'campoSeleccionandoModal' no existe en el contexto actual [c:\ProyectNet\PETRO_BOT\PETRO_BOT.csproj]
c:\ProyectNet\PETRO_BOT\Components\Pages\ConfigDescuentos\ConfigDescuentos.razor(677,374): error CS0103: El nombre 'campoSeleccionandoModal' no existe en el contexto actual [c:\ProyectNet\PETRO_BOT\PETRO_BOT.csproj]
c:\ProyectNet\PETRO_BOT\Components\Pages\ConfigDescuentos\ConfigDescuentos.razor(677,423): error CS0103: El nombre 'campoSeleccionandoModal' no existe en el contexto actual [c:\ProyectNet\PETRO_BOT\PETRO_BOT.csproj]
c:\ProyectNet\PETRO_BOT\Components\Pages\ConfigDescuentos\ConfigDescuentos.razor(680,74): error CS0103: El nombre 'GetMappedPropertyNameForCell' no existe en el contexto actual [c:\ProyectNet\PETRO_BOT\PETRO_BOT.csproj]
c:\ProyectNet\PETRO_BOT\Components\Pages\ConfigDescuentos\ConfigDescuentos.razor(685,61): error CS0103: El nombre 'campoSeleccionandoModal' no existe en el contexto actual [c:\ProyectNet\PETRO_BOT\PETRO_BOT.csproj]
c:\ProyectNet\PETRO_BOT\Components\Pages\ConfigDescuentos\ConfigDescuentos.razor(688,84): error CS0103: El nombre 'GetExcelColumnName' no existe en el contexto actual [c:\ProyectNet\PETRO_BOT\PETRO_BOT.csproj]
c:\ProyectNet\PETRO_BOT\Components\Pages\ConfigDescuentos\ConfigDescuentos.razor(690,66): error CS0103: El nombre 'campoSeleccionandoModal' no existe en el contexto actual [c:\ProyectNet\PETRO_BOT\PETRO_BOT.csproj]
c:\ProyectNet\PETRO_BOT\Components\Pages\ConfigDescuentos\ConfigDescuentos.razor(693,91): error CS0103: El nombre 'GetExcelColumnName' no existe en el contexto actual [c:\ProyectNet\PETRO_BOT\PETRO_BOT.csproj]
c:\ProyectNet\PETRO_BOT\Components\Pages\ConfigDescuentos\ConfigDescuentos.razor(695,66): error CS0103: El nombre 'campoSeleccionandoModal' no existe en el contexto actual [c:\ProyectNet\PETRO_BOT\PETRO_BOT.csproj]
c:\ProyectNet\PETRO_BOT\Components\Pages\ConfigDescuentos\ConfigDescuentos.razor(698,94): error CS0103: El nombre 'GetExcelColumnName' no existe en el contexto actual [c:\ProyectNet\PETRO_BOT\PETRO_BOT.csproj]
c:\ProyectNet\PETRO_BOT\Components\Pages\ConfigDescuentos\ConfigDescuentos.razor(700,66): error CS0103: El nombre 'campoSeleccionandoModal' no existe en el contexto actual [c:\ProyectNet\PETRO_BOT\PETRO_BOT.csproj]
c:\ProyectNet\PETRO_BOT\Components\Pages\ConfigDescuentos\ConfigDescuentos.razor(703,93): error CS0103: El nombre 'GetExcelColumnName' no existe en el contexto actual [c:\ProyectNet\PETRO_BOT\PETRO_BOT.csproj]
c:\ProyectNet\PETRO_BOT\Components\Pages\ConfigDescuentos\ConfigDescuentos.razor(705,66): error CS0103: El nombre 'campoSeleccionandoModal' no existe en el contexto actual [c:\ProyectNet\PETRO_BOT\PETRO_BOT.csproj]
c:\ProyectNet\PETRO_BOT\Components\Pages\ConfigDescuentos\ConfigDescuentos.razor(708,92): error CS0103: El nombre 'GetExcelColumnName' no existe en el contexto actual [c:\ProyectNet\PETRO_BOT\PETRO_BOT.csproj]
c:\ProyectNet\PETRO_BOT\Components\Pages\ConfigDescuentos\ConfigDescuentos.razor(710,66): error CS0103: El nombre 'campoSeleccionandoModal' no existe en el contexto actual [c:\ProyectNet\PETRO_BOT\PETRO_BOT.csproj]
c:\ProyectNet\PETRO_BOT\Components\Pages\ConfigDescuentos\ConfigDescuentos.razor(713,91): error CS0103: El nombre 'GetExcelColumnName' no existe en el contexto actual [c:\ProyectNet\PETRO_BOT\PETRO_BOT.csproj]
c:\ProyectNet\PETRO_BOT\Components\Pages\ConfigDescuentos\ConfigDescuentos.razor(715,66): error CS0103: El nombre 'campoSeleccionandoModal' no existe en el contexto actual [c:\ProyectNet\PETRO_BOT\PETRO_BOT.csproj]
c:\ProyectNet\PETRO_BOT\Components\Pages\ConfigDescuentos\ConfigDescuentos.razor(718,92): error CS0103: El nombre 'GetExcelColumnName' no existe en el contexto actual [c:\ProyectNet\PETRO_BOT\PETRO_BOT.csproj]
c:\ProyectNet\PETRO_BOT\Components\Pages\ConfigDescuentos\ConfigDescuentos.razor(720,66): error CS0103: El nombre 'campoSeleccionandoModal' no existe en el contexto actual [c:\ProyectNet\PETRO_BOT\PETRO_BOT.csproj]
c:\ProyectNet\PETRO_BOT\Components\Pages\ConfigDescuentos\ConfigDescuentos.razor(723,98): error CS0103: El nombre 'GetExcelColumnName' no existe en el contexto actual [c:\ProyectNet\PETRO_BOT\PETRO_BOT.csproj]
c:\ProyectNet\PETRO_BOT\Components\Pages\ConfigDescuentos\ConfigDescuentos.razor(725,66): error CS0103: El nombre 'campoSeleccionandoModal' no existe en el contexto actual [c:\ProyectNet\PETRO_BOT\PETRO_BOT.csproj]
c:\ProyectNet\PETRO_BOT\Components\Pages\ConfigDescuentos\ConfigDescuentos.razor(728,97): error CS0103: El nombre 'GetExcelColumnName' no existe en el contexto actual [c:\ProyectNet\PETRO_BOT\PETRO_BOT.csproj]
c:\ProyectNet\PETRO_BOT\Components\Pages\ConfigDescuentos\ConfigDescuentos.razor(733,81): error CS0103: El nombre 'SeleccionarCeldaDesdePlantilla' no existe en el contexto actual [c:\ProyectNet\PETRO_BOT\PETRO_BOT.csproj]
c:\ProyectNet\PETRO_BOT\Components\Pages\ConfigDescuentos\ConfigDescuentos.razor(735,73): error CS0103: El nombre 'GetCeldaStyle' no existe en el contexto actual [c:\ProyectNet\PETRO_BOT\PETRO_BOT.csproj]
c:\ProyectNet\PETRO_BOT\Components\Pages\ConfigDescuentos\ConfigDescuentos.razor(736,126): error CS0103: El nombre 'GetFriendlyLabel' no existe en el contexto actual [c:\ProyectNet\PETRO_BOT\PETRO_BOT.csproj]
c:\ProyectNet\PETRO_BOT\Components\Pages\ConfigDescuentos\ConfigDescuentos.razor(736,143): error CS0103: El nombre 'campoSeleccionandoModal' no existe en el contexto actual [c:\ProyectNet\PETRO_BOT\PETRO_BOT.csproj]
c:\ProyectNet\PETRO_BOT\Components\Pages\ConfigDescuentos\ConfigDescuentos.razor(751,73): error CS0103: El nombre 'GetCeldaStyle' no existe en el contexto actual [c:\ProyectNet\PETRO_BOT\PETRO_BOT.csproj]
c:\ProyectNet\PETRO_BOT\Components\Pages\ConfigDescuentos\ConfigDescuentos.razor(756,88): error CS0103: El nombre 'GetFriendlyLabel' no existe en el contexto actual [c:\ProyectNet\PETRO_BOT\PETRO_BOT.csproj]
c:\ProyectNet\PETRO_BOT\Components\Pages\ConfigDescuentos\ConfigDescuentos.razor(765,81): error CS0103: El nombre 'SeleccionarCeldaDesdePlantilla' no existe en el contexto actual [c:\ProyectNet\PETRO_BOT\PETRO_BOT.csproj]
c:\ProyectNet\PETRO_BOT\Components\Pages\ConfigDescuentos\ConfigDescuentos.razor(767,73): error CS0103: El nombre 'GetCeldaStyle' no existe en el contexto actual [c:\ProyectNet\PETRO_BOT\PETRO_BOT.csproj]
c:\ProyectNet\PETRO_BOT\Components\Pages\ConfigDescuentos\ConfigDescuentos.razor(768,116): error CS0103: El nombre 'GetFriendlyLabel' no existe en el contexto actual [c:\ProyectNet\PETRO_BOT\PETRO_BOT.csproj]
c:\ProyectNet\PETRO_BOT\Components\Pages\ConfigDescuentos\ConfigDescuentos.razor(768,133): error CS0103: El nombre 'campoSeleccionandoModal' no existe en el contexto actual [c:\ProyectNet\PETRO_BOT\PETRO_BOT.csproj]
c:\ProyectNet\PETRO_BOT\Components\Pages\ConfigDescuentos\ConfigDescuentos.razor(773,62): error CS0103: El nombre 'campoSeleccionandoModal' no existe en el contexto actual [c:\ProyectNet\PETRO_BOT\PETRO_BOT.csproj]
c:\ProyectNet\PETRO_BOT\Components\Pages\ConfigDescuentos\ConfigDescuentos.razor(777,77): error CS0103: El nombre 'SeleccionarFilaFinalDesdePlantilla' no existe en el contexto actual [c:\ProyectNet\PETRO_BOT\PETRO_BOT.csproj]
c:\ProyectNet\PETRO_BOT\Components\Pages\ConfigDescuentos\ConfigDescuentos.razor(779,69): error CS0103: El nombre 'GetCeldaStyle' no existe en el contexto actual [c:\ProyectNet\PETRO_BOT\PETRO_BOT.csproj]
c:\ProyectNet\PETRO_BOT\Components\Pages\ConfigDescuentos\ConfigDescuentos.razor(802,86): error CS0103: El nombre 'campoSeleccionandoModal' no existe en el contexto actual [c:\ProyectNet\PETRO_BOT\PETRO_BOT.csproj]
c:\ProyectNet\PETRO_BOT\Components\Pages\ConfigDescuentos\ConfigDescuentos.razor(805,74): error CS0103: El nombre 'GetMappedPropertyNameForCell' no existe en el contexto actual [c:\ProyectNet\PETRO_BOT\PETRO_BOT.csproj]
c:\ProyectNet\PETRO_BOT\Components\Pages\ConfigDescuentos\ConfigDescuentos.razor(807,90): error CS0103: El nombre 'campoSeleccionandoModal' no existe en el contexto actual [c:\ProyectNet\PETRO_BOT\PETRO_BOT.csproj]
c:\ProyectNet\PETRO_BOT\Components\Pages\ConfigDescuentos\ConfigDescuentos.razor(811,81): error CS0103: El nombre 'SeleccionarCeldaFilaDesdePlantilla' no existe en el contexto actual [c:\ProyectNet\PETRO_BOT\PETRO_BOT.csproj]
c:\ProyectNet\PETRO_BOT\Components\Pages\ConfigDescuentos\ConfigDescuentos.razor(813,73): error CS0103: El nombre 'GetCeldaStyle' no existe en el contexto actual [c:\ProyectNet\PETRO_BOT\PETRO_BOT.csproj]
c:\ProyectNet\PETRO_BOT\Components\Pages\ConfigDescuentos\ConfigDescuentos.razor(814,126): error CS0103: El nombre 'GetFriendlyLabel' no existe en el contexto actual [c:\ProyectNet\PETRO_BOT\PETRO_BOT.csproj]
c:\ProyectNet\PETRO_BOT\Components\Pages\ConfigDescuentos\ConfigDescuentos.razor(814,143): error CS0103: El nombre 'campoSeleccionandoModal' no existe en el contexto actual [c:\ProyectNet\PETRO_BOT\PETRO_BOT.csproj]
c:\ProyectNet\PETRO_BOT\Components\Pages\ConfigDescuentos\ConfigDescuentos.razor(819,87): error CS0103: El nombre 'GetExcelColumnName' no existe en el contexto actual [c:\ProyectNet\PETRO_BOT\PETRO_BOT.csproj]
c:\ProyectNet\PETRO_BOT\Components\Pages\ConfigDescuentos\ConfigDescuentos.razor(819,134): error CS0103: El nombre 'GetFriendlyLabel' no existe en el contexto actual [c:\ProyectNet\PETRO_BOT\PETRO_BOT.csproj]
c:\ProyectNet\PETRO_BOT\Components\Pages\ConfigDescuentos\ConfigDescuentos.razor(819,151): error CS0103: El nombre 'campoSeleccionandoModal' no existe en el contexto actual [c:\ProyectNet\PETRO_BOT\PETRO_BOT.csproj]
c:\ProyectNet\PETRO_BOT\Components\Pages\ConfigDescuentos\ConfigDescuentos.razor(829,73): error CS0103: El nombre 'GetCeldaStyle' no existe en el contexto actual [c:\ProyectNet\PETRO_BOT\PETRO_BOT.csproj]
c:\ProyectNet\PETRO_BOT\Components\Pages\ConfigDescuentos\ConfigDescuentos.razor(834,88): error CS0103: El nombre 'GetFriendlyLabel' no existe en el contexto actual [c:\ProyectNet\PETRO_BOT\PETRO_BOT.csproj]
c:\ProyectNet\PETRO_BOT\Components\Pages\ConfigDescuentos\ConfigDescuentos.razor(843,81): error CS0103: El nombre 'SeleccionarCeldaFilaDesdePlantilla' no existe en el contexto actual [c:\ProyectNet\PETRO_BOT\PETRO_BOT.csproj]
c:\ProyectNet\PETRO_BOT\Components\Pages\ConfigDescuentos\ConfigDescuentos.razor(845,73): error CS0103: El nombre 'GetCeldaStyle' no existe en el contexto actual [c:\ProyectNet\PETRO_BOT\PETRO_BOT.csproj]
c:\ProyectNet\PETRO_BOT\Components\Pages\ConfigDescuentos\ConfigDescuentos.razor(846,116): error CS0103: El nombre 'GetFriendlyLabel' no existe en el contexto actual [c:\ProyectNet\PETRO_BOT\PETRO_BOT.csproj]
c:\ProyectNet\PETRO_BOT\Components\Pages\ConfigDescuentos\ConfigDescuentos.razor(846,133): error CS0103: El nombre 'campoSeleccionandoModal' no existe en el contexto actual [c:\ProyectNet\PETRO_BOT\PETRO_BOT.csproj]
c:\ProyectNet\PETRO_BOT\Components\Pages\ConfigDescuentos\ConfigDescuentos.razor(854,74): error CS0103: El nombre 'GetMappedPropertyNameForCell' no existe en el contexto actual [c:\ProyectNet\PETRO_BOT\PETRO_BOT.csproj]
c:\ProyectNet\PETRO_BOT\Components\Pages\ConfigDescuentos\ConfigDescuentos.razor(858,73): error CS0103: El nombre 'GetCeldaStyle' no existe en el contexto actual [c:\ProyectNet\PETRO_BOT\PETRO_BOT.csproj]
c:\ProyectNet\PETRO_BOT\Components\Pages\ConfigDescuentos\ConfigDescuentos.razor(863,94): error CS0103: El nombre 'GetExcelColumnName' no existe en el contexto actual [c:\ProyectNet\PETRO_BOT\PETRO_BOT.csproj]
c:\ProyectNet\PETRO_BOT\Components\Pages\ConfigDescuentos\ConfigDescuentos.razor(876,77): error CS0103: El nombre 'GetCeldaStyle' no existe en el contexto actual [c:\ProyectNet\PETRO_BOT\PETRO_BOT.csproj]
c:\ProyectNet\PETRO_BOT\Components\Pages\ConfigDescuentos\ConfigDescuentos.razor(895,77): error CS0103: El nombre 'GetCeldaStyle' no existe en el contexto actual [c:\ProyectNet\PETRO_BOT\PETRO_BOT.csproj]
c:\ProyectNet\PETRO_BOT\Components\Pages\ConfigDescuentos\ConfigDescuentos.razor(915,35): error CS0103: El nombre 'CerrarModalVerPlantilla' no existe en el contexto actual [c:\ProyectNet\PETRO_BOT\PETRO_BOT.csproj]
c:\ProyectNet\PETRO_BOT\Components\Pages\ConfigDescuentos\ConfigDescuentos.razor(185,59): warning CS8602: Desreferencia de una referencia posiblemente NULL. [c:\ProyectNet\PETRO_BOT\PETRO_BOT.csproj]
c:\ProyectNet\PETRO_BOT\Components\Pages\ConfigDescuentos\ConfigDescuentos.razor(1386,68): warning CS8625: No se puede convertir un literal NULL en un tipo de referencia que no acepta valores NULL. [c:\ProyectNet\PETRO_BOT\PETRO_BOT.csproj]
c:\ProyectNet\PETRO_BOT\Components\Pages\ConfigDescuentos\ConfigDescuentos.razor(1432,9): error CS0103: El nombre 'GuardarConfiguracion' no existe en el contexto actual [c:\ProyectNet\PETRO_BOT\PETRO_BOT.csproj]
c:\ProyectNet\PETRO_BOT\Components\Pages\ConfigDescuentos\ConfigDescuentos.razor(1447,13): error CS0103: El nombre 'SeleccionarGrifoInternal' no existe en el contexto actual [c:\ProyectNet\PETRO_BOT\PETRO_BOT.csproj]
c:\ProyectNet\PETRO_BOT\Components\Pages\ConfigDescuentos\ConfigDescuentos.razor(1546,9): error CS0103: El nombre 'CargarConfiguracion' no existe en el contexto actual [c:\ProyectNet\PETRO_BOT\PETRO_BOT.csproj]
c:\ProyectNet\PETRO_BOT\Components\Pages\ConfigGrifos\ConfigGrifos.razor(1647,64): warning CS8625: No se puede convertir un literal NULL en un tipo de referencia que no acepta valores NULL. [c:\ProyectNet\PETRO_BOT\PETRO_BOT.csproj]
c:\ProyectNet\PETRO_BOT\Components\Pages\ConfigDescuentos\ConfigDescuentos.razor(1540,20): warning CS0414: El campo 'ConfigDescuentos.nuevoClienteColumna' est├í asignado pero su valor nunca se usa [c:\ProyectNet\PETRO_BOT\PETRO_BOT.csproj]
c:\ProyectNet\PETRO_BOT\Components\Pages\ConfigDescuentos\ConfigDescuentos.razor(1541,20): warning CS0414: El campo 'ConfigDescuentos.nuevoClienteNombre' est├í asignado pero su valor nunca se usa [c:\ProyectNet\PETRO_BOT\PETRO_BOT.csproj]
c:\ProyectNet\PETRO_BOT\Components\Pages\ConfigDescuentos\ConfigDescuentos.razor(1539,17): warning CS0414: El campo 'ConfigDescuentos.editingClienteId' est├í asignado pero su valor nunca se usa [c:\ProyectNet\PETRO_BOT\PETRO_BOT.csproj]

ERROR al compilar.

c:\ProyectNet\PETRO_BOT\PETRO_BOT.csproj : warning NU1903: El paquete "SQLitePCLRaw.lib.e_sqlite3" 2.1.10 tiene una vulnerabilidad de gravedad alta conocida, https://github.com/advisories/GHSA-2m69-gcr7-jv3q [c:\ProyectNet\PETRO_BOT\PETRO_BOT.slnx]
c:\ProyectNet\PETRO_BOT\PETRO_BOT.csproj : warning NU1903: El paquete "SQLitePCLRaw.lib.e_sqlite3" 2.1.10 tiene una vulnerabilidad de gravedad alta conocida, https://github.com/advisories/GHSA-2m69-gcr7-jv3q
c:\ProyectNet\PETRO_BOT\Components\Pages\ConfigDescuentos\ConfigDescuentos.razor(2216,43): warning RZ10012: Found markup element with unexpected name 'CeldaExcelInfo'. If this is intended to be a component, add a @using directive for its namespace. [c:\ProyectNet\PETRO_BOT\PETRO_BOT.csproj]
c:\ProyectNet\PETRO_BOT\Components\Pages\ConfigDescuentos\ConfigDescuentos.razor(185,59): warning CS8602: Desreferencia de una referencia posiblemente NULL. [c:\ProyectNet\PETRO_BOT\PETRO_BOT.csproj]
c:\ProyectNet\PETRO_BOT\Components\Pages\ConfigDescuentos\ConfigDescuentos.razor(1386,68): warning CS8625: No se puede convertir un literal NULL en un tipo de referencia que no acepta valores NULL. [c:\ProyectNet\PETRO_BOT\PETRO_BOT.csproj]
c:\ProyectNet\PETRO_BOT\Components\Pages\ConfigGrifos\ConfigGrifos.razor(1647,64): warning CS8625: No se puede convertir un literal NULL en un tipo de referencia que no acepta valores NULL. [c:\ProyectNet\PETRO_BOT\PETRO_BOT.csproj]
c:\ProyectNet\PETRO_BOT\Components\Pages\ConfigDescuentos\ConfigDescuentos.razor(1540,20): warning CS0414: El campo 'ConfigDescuentos.nuevoClienteColumna' est├í asignado pero su valor nunca se usa [c:\ProyectNet\PETRO_BOT\PETRO_BOT.csproj]
c:\ProyectNet\PETRO_BOT\Components\Pages\ConfigDescuentos\ConfigDescuentos.razor(1541,20): warning CS0414: El campo 'ConfigDescuentos.nuevoClienteNombre' est├í asignado pero su valor nunca se usa [c:\ProyectNet\PETRO_BOT\PETRO_BOT.csproj]
c:\ProyectNet\PETRO_BOT\Components\Pages\ConfigDescuentos\ConfigDescuentos.razor(1539,17): warning CS0414: El campo 'ConfigDescuentos.editingClienteId' est├í asignado pero su valor nunca se usa [c:\ProyectNet\PETRO_BOT\PETRO_BOT.csproj]
c:\ProyectNet\PETRO_BOT\Components\Pages\ConfigDescuentos\ConfigDescuentos.razor(2208,39): error RZ9980: Unclosed tag '' with no matching end tag. [c:\ProyectNet\PETRO_BOT\PETRO_BOT.csproj]
c:\ProyectNet\PETRO_BOT\Components\Pages\ConfigDescuentos\ConfigDescuentos.razor(2214,39): error RZ9980: Unclosed tag '' with no matching end tag. [c:\ProyectNet\PETRO_BOT\PETRO_BOT.csproj]
c:\ProyectNet\PETRO_BOT\Components\Pages\ConfigDescuentos\ConfigDescuentos.razor(2216,43): error RZ9980: Unclosed tag 'CeldaExcelInfo' with no matching end tag. [c:\ProyectNet\PETRO_BOT\PETRO_BOT.csproj]
c:\ProyectNet\PETRO_BOT\Components\Pages\ConfigDescuentos\ConfigDescuentos.razor(2217,43): error RZ9980: Unclosed tag '' with no matching end tag. [c:\ProyectNet\PETRO_BOT\PETRO_BOT.csproj]
c:\ProyectNet\PETRO_BOT\Components\Pages\ConfigDescuentos\ConfigDescuentos.razor(2304,30): error RZ9980: Unclosed tag 'string' with no matching end tag. [c:\ProyectNet\PETRO_BOT\PETRO_BOT.csproj]
c:\ProyectNet\PETRO_BOT\Components\Pages\ConfigDescuentos\ConfigDescuentos.razor(2585,43): error RZ9980: Unclosed tag '' with no matching end tag. [c:\ProyectNet\PETRO_BOT\PETRO_BOT.csproj]
c:\ProyectNet\PETRO_BOT\Components\Pages\ConfigDescuentos\ConfigDescuentos.razor(2588,47): error RZ9980: Unclosed tag '' with no matching end tag. [c:\ProyectNet\PETRO_BOT\PETRO_BOT.csproj]
c:\ProyectNet\PETRO_BOT\Components\Pages\ConfigDescuentos\ConfigDescuentos.razor(2590,60): error RZ10007: The attribute '}' is used two or more times for this element. Attributes must be unique (case-insensitive). [c:\ProyectNet\PETRO_BOT\PETRO_BOT.csproj]
c:\ProyectNet\PETRO_BOT\Components\Pages\ConfigDescuentos\ConfigDescuentos.razor(2693,43): error RZ9980: Unclosed tag '' with no matching end tag. [c:\ProyectNet\PETRO_BOT\PETRO_BOT.csproj]
c:\ProyectNet\PETRO_BOT\Components\Pages\ConfigDescuentos\ConfigDescuentos.razor(2696,47): error RZ9980: Unclosed tag '' with no matching end tag. [c:\ProyectNet\PETRO_BOT\PETRO_BOT.csproj]
c:\ProyectNet\PETRO_BOT\Components\Pages\ConfigDescuentos\ConfigDescuentos.razor(2698,60): error RZ10007: The attribute '}' is used two or more times for this element. Attributes must be unique (case-insensitive). [c:\ProyectNet\PETRO_BOT\PETRO_BOT.csproj]
c:\ProyectNet\PETRO_BOT\Components\Pages\ConfigDescuentos\ConfigDescuentos.razor(2721,43): error RZ9980: Unclosed tag '' with no matching end tag. [c:\ProyectNet\PETRO_BOT\PETRO_BOT.csproj]
c:\ProyectNet\PETRO_BOT\Components\Pages\ConfigDescuentos\ConfigDescuentos.razor(2724,47): error RZ9980: Unclosed tag '' with no matching end tag. [c:\ProyectNet\PETRO_BOT\PETRO_BOT.csproj]
c:\ProyectNet\PETRO_BOT\Components\Pages\ConfigDescuentos\ConfigDescuentos.razor(2726,60): error RZ10007: The attribute '}' is used two or more times for this element. Attributes must be unique (case-insensitive). [c:\ProyectNet\PETRO_BOT\PETRO_BOT.csproj]
c:\ProyectNet\PETRO_BOT\Services\ServRegistroVentas\ConfiguracionService.cs(908,50): error CS0103: El nombre 'transaction' no existe en el contexto actual [c:\ProyectNet\PETRO_BOT\PETRO_BOT.csproj]
c:\ProyectNet\PETRO_BOT\Services\ServRegistroVentas\ConfiguracionService.cs(927,50): error CS0103: El nombre 'transaction' no existe en el contexto actual [c:\ProyectNet\PETRO_BOT\PETRO_BOT.csproj]
c:\ProyectNet\PETRO_BOT\Components\Pages\ConfigDescuentos\ConfigDescuentos.razor(31,39): error CS0103: El nombre 'AbrirModalAgregarGrifo' no existe en el contexto actual [c:\ProyectNet\PETRO_BOT\PETRO_BOT.csproj]
c:\ProyectNet\PETRO_BOT\Components\Pages\ConfigDescuentos\ConfigDescuentos.razor(45,46): error CS0103: El nombre 'SeleccionarGrifo' no existe en el contexto actual [c:\ProyectNet\PETRO_BOT\PETRO_BOT.csproj]
c:\ProyectNet\PETRO_BOT\Components\Pages\ConfigDescuentos\ConfigDescuentos.razor(101,84): error CS0103: El nombre 'CargarRegistroVentasArchivo' no existe en el contexto actual [c:\ProyectNet\PETRO_BOT\PETRO_BOT.csproj]
c:\ProyectNet\PETRO_BOT\Components\Pages\ConfigDescuentos\ConfigDescuentos.razor(106,55): error CS0103: El nombre 'AbrirModalVerRegistroVentas' no existe en el contexto actual [c:\ProyectNet\PETRO_BOT\PETRO_BOT.csproj]
c:\ProyectNet\PETRO_BOT\Components\Pages\ConfigDescuentos\ConfigDescuentos.razor(120,74): error CS0103: El nombre 'CargarPlantillaArchivo' no existe en el contexto actual [c:\ProyectNet\PETRO_BOT\PETRO_BOT.csproj]
c:\ProyectNet\PETRO_BOT\Components\Pages\ConfigDescuentos\ConfigDescuentos.razor(125,55): error CS0103: El nombre 'AbrirModalVerPlantilla' no existe en el contexto actual [c:\ProyectNet\PETRO_BOT\PETRO_BOT.csproj]
c:\ProyectNet\PETRO_BOT\Components\Pages\ConfigDescuentos\ConfigDescuentos.razor(136,51): error CS0103: El nombre 'ConfirmarEliminarGrifo' no existe en el contexto actual [c:\ProyectNet\PETRO_BOT\PETRO_BOT.csproj]
c:\ProyectNet\PETRO_BOT\Components\Pages\ConfigDescuentos\ConfigDescuentos.razor(137,51): error CS0103: El nombre 'ConfirmarEliminarConfiguracion' no existe en el contexto actual [c:\ProyectNet\PETRO_BOT\PETRO_BOT.csproj]
c:\ProyectNet\PETRO_BOT\Components\Pages\ConfigDescuentos\ConfigDescuentos.razor(138,51): error CS0103: El nombre 'CancelarEdicion' no existe en el contexto actual [c:\ProyectNet\PETRO_BOT\PETRO_BOT.csproj]
c:\ProyectNet\PETRO_BOT\Components\Pages\ConfigDescuentos\ConfigDescuentos.razor(139,51): error CS0103: El nombre 'GuardarConfiguracion' no existe en el contexto actual [c:\ProyectNet\PETRO_BOT\PETRO_BOT.csproj]
c:\ProyectNet\PETRO_BOT\Components\Pages\ConfigDescuentos\ConfigDescuentos.razor(189,55): error CS0103: El nombre 'writeProps' no existe en el contexto actual [c:\ProyectNet\PETRO_BOT\PETRO_BOT.csproj]
c:\ProyectNet\PETRO_BOT\Components\Pages\ConfigDescuentos\ConfigDescuentos.razor(192,128): error CS0103: El nombre 'GetFriendlyWriteLabel' no existe en el contexto actual [c:\ProyectNet\PETRO_BOT\PETRO_BOT.csproj]
c:\ProyectNet\PETRO_BOT\Components\Pages\ConfigDescuentos\ConfigDescuentos.razor(194,69): error CS0103: El nombre 'ActivarSeleccionWriteCol' no existe en el contexto actual [c:\ProyectNet\PETRO_BOT\PETRO_BOT.csproj]
c:\ProyectNet\PETRO_BOT\Components\Pages\ConfigDescuentos\ConfigDescuentos.razor(200,73): error CS0103: El nombre 'LimpiarWriteCol' no existe en el contexto actual [c:\ProyectNet\PETRO_BOT\PETRO_BOT.csproj]
c:\ProyectNet\PETRO_BOT\Components\Pages\ConfigDescuentos\ConfigDescuentos.razor(228,53): error CS0103: El nombre 'CerrarModalAgregarGrifo' no existe en el contexto actual [c:\ProyectNet\PETRO_BOT\PETRO_BOT.csproj]
c:\ProyectNet\PETRO_BOT\Components\Pages\ConfigDescuentos\ConfigDescuentos.razor(232,35): error CS0103: El nombre 'CerrarModalAgregarGrifo' no existe en el contexto actual [c:\ProyectNet\PETRO_BOT\PETRO_BOT.csproj]
c:\ProyectNet\PETRO_BOT\Components\Pages\ConfigDescuentos\ConfigDescuentos.razor(243,35): error CS0103: El nombre 'CerrarModalAgregarGrifo' no existe en el contexto actual [c:\ProyectNet\PETRO_BOT\PETRO_BOT.csproj]
c:\ProyectNet\PETRO_BOT\Components\Pages\ConfigDescuentos\ConfigDescuentos.razor(244,35): error CS0103: El nombre 'AgregarNuevoGrifo' no existe en el contexto actual [c:\ProyectNet\PETRO_BOT\PETRO_BOT.csproj]
c:\ProyectNet\PETRO_BOT\Components\Pages\ConfigDescuentos\ConfigDescuentos.razor(254,53): error CS0103: El nombre 'CerrarModalAgregarCliente' no existe en el contexto actual [c:\ProyectNet\PETRO_BOT\PETRO_BOT.csproj]
c:\ProyectNet\PETRO_BOT\Components\Pages\ConfigDescuentos\ConfigDescuentos.razor(258,35): error CS0103: El nombre 'CerrarModalAgregarCliente' no existe en el contexto actual [c:\ProyectNet\PETRO_BOT\PETRO_BOT.csproj]
c:\ProyectNet\PETRO_BOT\Components\Pages\ConfigDescuentos\ConfigDescuentos.razor(273,50): error CS0103: El nombre 'CargarArchivosClientes' no existe en el contexto actual [c:\ProyectNet\PETRO_BOT\PETRO_BOT.csproj]
c:\ProyectNet\PETRO_BOT\Components\Pages\ConfigDescuentos\ConfigDescuentos.razor(332,77): error CS0103: El nombre 'AgregarClienteDesdeModal' no existe en el contexto actual [c:\ProyectNet\PETRO_BOT\PETRO_BOT.csproj]
c:\ProyectNet\PETRO_BOT\Components\Pages\ConfigDescuentos\ConfigDescuentos.razor(347,35): error CS0103: El nombre 'CerrarModalAgregarCliente' no existe en el contexto actual [c:\ProyectNet\PETRO_BOT\PETRO_BOT.csproj]
c:\ProyectNet\PETRO_BOT\Components\Pages\ConfigDescuentos\ConfigDescuentos.razor(350,39): error CS0103: El nombre 'ImportarTodosLosClientes' no existe en el contexto actual [c:\ProyectNet\PETRO_BOT\PETRO_BOT.csproj]
c:\ProyectNet\PETRO_BOT\Components\Pages\ConfigDescuentos\ConfigDescuentos.razor(363,53): error CS0103: El nombre 'CerrarModalVerPlantilla' no existe en el contexto actual [c:\ProyectNet\PETRO_BOT\PETRO_BOT.csproj]
c:\ProyectNet\PETRO_BOT\Components\Pages\ConfigDescuentos\ConfigDescuentos.razor(377,35): error CS0103: El nombre 'CerrarModalVerPlantilla' no existe en el contexto actual [c:\ProyectNet\PETRO_BOT\PETRO_BOT.csproj]
c:\ProyectNet\PETRO_BOT\Components\Pages\ConfigDescuentos\ConfigDescuentos.razor(391,53): error CS0103: El nombre 'CargarDatosHojaExcel' no existe en el contexto actual [c:\ProyectNet\PETRO_BOT\PETRO_BOT.csproj]
c:\ProyectNet\PETRO_BOT\Components\Pages\ConfigDescuentos\ConfigDescuentos.razor(403,53): error CS0103: El nombre 'campoSeleccionandoModal' no existe en el contexto actual [c:\ProyectNet\PETRO_BOT\PETRO_BOT.csproj]
c:\ProyectNet\PETRO_BOT\Components\Pages\ConfigDescuentos\ConfigDescuentos.razor(403,82): error CS0103: El nombre 'campoSeleccionandoModal' no existe en el contexto actual [c:\ProyectNet\PETRO_BOT\PETRO_BOT.csproj]
c:\ProyectNet\PETRO_BOT\Components\Pages\ConfigDescuentos\ConfigDescuentos.razor(403,117): error CS0103: El nombre 'campoSeleccionandoModal' no existe en el contexto actual [c:\ProyectNet\PETRO_BOT\PETRO_BOT.csproj]
c:\ProyectNet\PETRO_BOT\Components\Pages\ConfigDescuentos\ConfigDescuentos.razor(412,240): error CS0103: El nombre 'GetActiveSelectionLabel' no existe en el contexto actual [c:\ProyectNet\PETRO_BOT\PETRO_BOT.csproj]
c:\ProyectNet\PETRO_BOT\Components\Pages\ConfigDescuentos\ConfigDescuentos.razor(416,53): error CS0103: El nombre 'SeleccionarCeldaWriteColDesdePlantilla' no existe en el contexto actual [c:\ProyectNet\PETRO_BOT\PETRO_BOT.csproj]
c:\ProyectNet\PETRO_BOT\Components\Pages\ConfigDescuentos\ConfigDescuentos.razor(419,47): error CS0103: El nombre 'CerrarModalVerPlantilla' no existe en el contexto actual [c:\ProyectNet\PETRO_BOT\PETRO_BOT.csproj]
c:\ProyectNet\PETRO_BOT\Components\Pages\ConfigDescuentos\ConfigDescuentos.razor(425,26): error CS0103: El nombre 'campoSeleccionandoModal' no existe en el contexto actual [c:\ProyectNet\PETRO_BOT\PETRO_BOT.csproj]
c:\ProyectNet\PETRO_BOT\Components\Pages\ConfigDescuentos\ConfigDescuentos.razor(425,71): error CS0103: El nombre 'campoSeleccionandoModal' no existe en el contexto actual [c:\ProyectNet\PETRO_BOT\PETRO_BOT.csproj]
c:\ProyectNet\PETRO_BOT\Components\Pages\ConfigDescuentos\ConfigDescuentos.razor(425,117): error CS0103: El nombre 'campoSeleccionandoModal' no existe en el contexto actual [c:\ProyectNet\PETRO_BOT\PETRO_BOT.csproj]
c:\ProyectNet\PETRO_BOT\Components\Pages\ConfigDescuentos\ConfigDescuentos.razor(425,162): error CS0103: El nombre 'campoSeleccionandoModal' no existe en el contexto actual [c:\ProyectNet\PETRO_BOT\PETRO_BOT.csproj]
c:\ProyectNet\PETRO_BOT\Components\Pages\ConfigDescuentos\ConfigDescuentos.razor(425,206): error CS0103: El nombre 'campoSeleccionandoModal' no existe en el contexto actual [c:\ProyectNet\PETRO_BOT\PETRO_BOT.csproj]
c:\ProyectNet\PETRO_BOT\Components\Pages\ConfigDescuentos\ConfigDescuentos.razor(425,249): error CS0103: El nombre 'campoSeleccionandoModal' no existe en el contexto actual [c:\ProyectNet\PETRO_BOT\PETRO_BOT.csproj]
c:\ProyectNet\PETRO_BOT\Components\Pages\ConfigDescuentos\ConfigDescuentos.razor(425,293): error CS0103: El nombre 'campoSeleccionandoModal' no existe en el contexto actual [c:\ProyectNet\PETRO_BOT\PETRO_BOT.csproj]
c:\ProyectNet\PETRO_BOT\Components\Pages\ConfigDescuentos\ConfigDescuentos.razor(425,343): error CS0103: El nombre 'campoSeleccionandoModal' no existe en el contexto actual [c:\ProyectNet\PETRO_BOT\PETRO_BOT.csproj]
c:\ProyectNet\PETRO_BOT\Components\Pages\ConfigDescuentos\ConfigDescuentos.razor(425,392): error CS0103: El nombre 'campoSeleccionandoModal' no existe en el contexto actual [c:\ProyectNet\PETRO_BOT\PETRO_BOT.csproj]
c:\ProyectNet\PETRO_BOT\Components\Pages\ConfigDescuentos\ConfigDescuentos.razor(427,37): error CS0103: El nombre 'campoSeleccionandoModal' no existe en el contexto actual [c:\ProyectNet\PETRO_BOT\PETRO_BOT.csproj]
c:\ProyectNet\PETRO_BOT\Components\Pages\ConfigDescuentos\ConfigDescuentos.razor(428,37): error CS0103: El nombre 'campoSeleccionandoModal' no existe en el contexto actual [c:\ProyectNet\PETRO_BOT\PETRO_BOT.csproj]
c:\ProyectNet\PETRO_BOT\Components\Pages\ConfigDescuentos\ConfigDescuentos.razor(429,37): error CS0103: El nombre 'campoSeleccionandoModal' no existe en el contexto actual [c:\ProyectNet\PETRO_BOT\PETRO_BOT.csproj]
c:\ProyectNet\PETRO_BOT\Components\Pages\ConfigDescuentos\ConfigDescuentos.razor(430,37): error CS0103: El nombre 'campoSeleccionandoModal' no existe en el contexto actual [c:\ProyectNet\PETRO_BOT\PETRO_BOT.csproj]
c:\ProyectNet\PETRO_BOT\Components\Pages\ConfigDescuentos\ConfigDescuentos.razor(431,37): error CS0103: El nombre 'campoSeleccionandoModal' no existe en el contexto actual [c:\ProyectNet\PETRO_BOT\PETRO_BOT.csproj]
c:\ProyectNet\PETRO_BOT\Components\Pages\ConfigDescuentos\ConfigDescuentos.razor(432,37): error CS0103: El nombre 'campoSeleccionandoModal' no existe en el contexto actual [c:\ProyectNet\PETRO_BOT\PETRO_BOT.csproj]
c:\ProyectNet\PETRO_BOT\Components\Pages\ConfigDescuentos\ConfigDescuentos.razor(433,37): error CS0103: El nombre 'campoSeleccionandoModal' no existe en el contexto actual [c:\ProyectNet\PETRO_BOT\PETRO_BOT.csproj]
c:\ProyectNet\PETRO_BOT\Components\Pages\ConfigDescuentos\ConfigDescuentos.razor(434,37): error CS0103: El nombre 'campoSeleccionandoModal' no existe en el contexto actual [c:\ProyectNet\PETRO_BOT\PETRO_BOT.csproj]
c:\ProyectNet\PETRO_BOT\Components\Pages\ConfigDescuentos\ConfigDescuentos.razor(447,53): error CS0103: El nombre 'SeleccionarCeldaDesdePlantilla' no existe en el contexto actual [c:\ProyectNet\PETRO_BOT\PETRO_BOT.csproj]
c:\ProyectNet\PETRO_BOT\Components\Pages\ConfigDescuentos\ConfigDescuentos.razor(450,47): error CS0103: El nombre 'CerrarModalVerPlantilla' no existe en el contexto actual [c:\ProyectNet\PETRO_BOT\PETRO_BOT.csproj]
c:\ProyectNet\PETRO_BOT\Components\Pages\ConfigDescuentos\ConfigDescuentos.razor(456,26): error CS0103: El nombre 'campoSeleccionandoModal' no existe en el contexto actual [c:\ProyectNet\PETRO_BOT\PETRO_BOT.csproj]
c:\ProyectNet\PETRO_BOT\Components\Pages\ConfigDescuentos\ConfigDescuentos.razor(469,53): error CS0103: El nombre 'SeleccionarFilaFinalDesdePlantilla' no existe en el contexto actual [c:\ProyectNet\PETRO_BOT\PETRO_BOT.csproj]
c:\ProyectNet\PETRO_BOT\Components\Pages\ConfigDescuentos\ConfigDescuentos.razor(472,47): error CS0103: El nombre 'CerrarModalVerPlantilla' no existe en el contexto actual [c:\ProyectNet\PETRO_BOT\PETRO_BOT.csproj]
c:\ProyectNet\PETRO_BOT\Components\Pages\ConfigDescuentos\ConfigDescuentos.razor(478,50): error CS0103: El nombre 'campoSeleccionandoModal' no existe en el contexto actual [c:\ProyectNet\PETRO_BOT\PETRO_BOT.csproj]
c:\ProyectNet\PETRO_BOT\Components\Pages\ConfigDescuentos\ConfigDescuentos.razor(487,190): error CS0103: El nombre 'campoSeleccionandoModal' no existe en el contexto actual [c:\ProyectNet\PETRO_BOT\PETRO_BOT.csproj]
c:\ProyectNet\PETRO_BOT\Components\Pages\ConfigDescuentos\ConfigDescuentos.razor(491,53): error CS0103: El nombre 'SeleccionarCeldaFilaDesdePlantilla' no existe en el contexto actual [c:\ProyectNet\PETRO_BOT\PETRO_BOT.csproj]
c:\ProyectNet\PETRO_BOT\Components\Pages\ConfigDescuentos\ConfigDescuentos.razor(494,47): error CS0103: El nombre 'CerrarModalVerPlantilla' no existe en el contexto actual [c:\ProyectNet\PETRO_BOT\PETRO_BOT.csproj]
c:\ProyectNet\PETRO_BOT\Components\Pages\ConfigDescuentos\ConfigDescuentos.razor(521,58): error CS0103: El nombre 'GetExcelColumnName' no existe en el contexto actual [c:\ProyectNet\PETRO_BOT\PETRO_BOT.csproj]
c:\ProyectNet\PETRO_BOT\Components\Pages\ConfigDescuentos\ConfigDescuentos.razor(535,101): error CS0103: El nombre 'campoSeleccionandoModal' no existe en el contexto actual [c:\ProyectNet\PETRO_BOT\PETRO_BOT.csproj]
c:\ProyectNet\PETRO_BOT\Components\Pages\ConfigDescuentos\ConfigDescuentos.razor(535,130): error CS0103: El nombre 'campoSeleccionandoModal' no existe en el contexto actual [c:\ProyectNet\PETRO_BOT\PETRO_BOT.csproj]
c:\ProyectNet\PETRO_BOT\Components\Pages\ConfigDescuentos\ConfigDescuentos.razor(535,165): error CS0103: El nombre 'campoSeleccionandoModal' no existe en el contexto actual [c:\ProyectNet\PETRO_BOT\PETRO_BOT.csproj]
c:\ProyectNet\PETRO_BOT\Components\Pages\ConfigDescuentos\ConfigDescuentos.razor(555,72): error CS0103: El nombre 'GetExcelColumnName' no existe en el contexto actual [c:\ProyectNet\PETRO_BOT\PETRO_BOT.csproj]
c:\ProyectNet\PETRO_BOT\Components\Pages\ConfigDescuentos\ConfigDescuentos.razor(574,57): error CS0103: El nombre 'campoSeleccionandoModal' no existe en el contexto actual [c:\ProyectNet\PETRO_BOT\PETRO_BOT.csproj]
c:\ProyectNet\PETRO_BOT\Components\Pages\ConfigDescuentos\ConfigDescuentos.razor(574,92): error CS0103: El nombre 'campoSeleccionandoModal' no existe en el contexto actual [c:\ProyectNet\PETRO_BOT\PETRO_BOT.csproj]
c:\ProyectNet\PETRO_BOT\Components\Pages\ConfigDescuentos\ConfigDescuentos.razor(576,77): error CS0103: El nombre 'campoSeleccionandoModal' no existe en el contexto actual [c:\ProyectNet\PETRO_BOT\PETRO_BOT.csproj]
c:\ProyectNet\PETRO_BOT\Components\Pages\ConfigDescuentos\ConfigDescuentos.razor(581,70): error CS0103: El nombre 'campoSeleccionandoModal' no existe en el contexto actual [c:\ProyectNet\PETRO_BOT\PETRO_BOT.csproj]
c:\ProyectNet\PETRO_BOT\Components\Pages\ConfigDescuentos\ConfigDescuentos.razor(584,111): error CS0103: El nombre 'campoSeleccionandoModal' no existe en el contexto actual [c:\ProyectNet\PETRO_BOT\PETRO_BOT.csproj]
c:\ProyectNet\PETRO_BOT\Components\Pages\ConfigDescuentos\ConfigDescuentos.razor(584,140): error CS0103: El nombre 'campoSeleccionandoModal' no existe en el contexto actual [c:\ProyectNet\PETRO_BOT\PETRO_BOT.csproj]
c:\ProyectNet\PETRO_BOT\Components\Pages\ConfigDescuentos\ConfigDescuentos.razor(584,175): error CS0103: El nombre 'campoSeleccionandoModal' no existe en el contexto actual [c:\ProyectNet\PETRO_BOT\PETRO_BOT.csproj]
c:\ProyectNet\PETRO_BOT\Components\Pages\ConfigDescuentos\ConfigDescuentos.razor(592,85): error CS0103: El nombre 'SeleccionarCeldaWriteColDesdePlantilla' no existe en el contexto actual [c:\ProyectNet\PETRO_BOT\PETRO_BOT.csproj]
c:\ProyectNet\PETRO_BOT\Components\Pages\ConfigDescuentos\ConfigDescuentos.razor(594,77): error CS0103: El nombre 'GetCeldaStyle' no existe en el contexto actual [c:\ProyectNet\PETRO_BOT\PETRO_BOT.csproj]
c:\ProyectNet\PETRO_BOT\Components\Pages\ConfigDescuentos\ConfigDescuentos.razor(602,115): error CS0103: El nombre 'GetActiveSelectionLabel' no existe en el contexto actual [c:\ProyectNet\PETRO_BOT\PETRO_BOT.csproj]
c:\ProyectNet\PETRO_BOT\Components\Pages\ConfigDescuentos\ConfigDescuentos.razor(609,121): error CS0103: El nombre 'GetFriendlyLabel' no existe en el contexto actual [c:\ProyectNet\PETRO_BOT\PETRO_BOT.csproj]
c:\ProyectNet\PETRO_BOT\Components\Pages\ConfigDescuentos\ConfigDescuentos.razor(611,78): error CS0103: El nombre 'GetCeldaStyle' no existe en el contexto actual [c:\ProyectNet\PETRO_BOT\PETRO_BOT.csproj]
c:\ProyectNet\PETRO_BOT\Components\Pages\ConfigDescuentos\ConfigDescuentos.razor(625,85): error CS0103: El nombre 'SeleccionarCeldaWriteColDesdePlantilla' no existe en el contexto actual [c:\ProyectNet\PETRO_BOT\PETRO_BOT.csproj]
c:\ProyectNet\PETRO_BOT\Components\Pages\ConfigDescuentos\ConfigDescuentos.razor(627,78): error CS0103: El nombre 'GetCeldaStyle' no existe en el contexto actual [c:\ProyectNet\PETRO_BOT\PETRO_BOT.csproj]
c:\ProyectNet\PETRO_BOT\Components\Pages\ConfigDescuentos\ConfigDescuentos.razor(628,127): error CS0103: El nombre 'GetActiveSelectionLabel' no existe en el contexto actual [c:\ProyectNet\PETRO_BOT\PETRO_BOT.csproj]
c:\ProyectNet\PETRO_BOT\Components\Pages\ConfigDescuentos\ConfigDescuentos.razor(636,73): error CS0103: El nombre 'GetCeldaStyle' no existe en el contexto actual [c:\ProyectNet\PETRO_BOT\PETRO_BOT.csproj]
c:\ProyectNet\PETRO_BOT\Components\Pages\ConfigDescuentos\ConfigDescuentos.razor(647,73): error CS0103: El nombre 'GetCeldaStyle' no existe en el contexto actual [c:\ProyectNet\PETRO_BOT\PETRO_BOT.csproj]
c:\ProyectNet\PETRO_BOT\Components\Pages\ConfigDescuentos\ConfigDescuentos.razor(655,136): error CS0103: El nombre 'GetFriendlyLabel' no existe en el contexto actual [c:\ProyectNet\PETRO_BOT\PETRO_BOT.csproj]
c:\ProyectNet\PETRO_BOT\Components\Pages\ConfigDescuentos\ConfigDescuentos.razor(668,73): error CS0103: El nombre 'GetCeldaStyle' no existe en el contexto actual [c:\ProyectNet\PETRO_BOT\PETRO_BOT.csproj]
c:\ProyectNet\PETRO_BOT\Components\Pages\ConfigDescuentos\ConfigDescuentos.razor(677,57): error CS0103: El nombre 'campoSeleccionandoModal' no existe en el contexto actual [c:\ProyectNet\PETRO_BOT\PETRO_BOT.csproj]
c:\ProyectNet\PETRO_BOT\Components\Pages\ConfigDescuentos\ConfigDescuentos.razor(677,102): error CS0103: El nombre 'campoSeleccionandoModal' no existe en el contexto actual [c:\ProyectNet\PETRO_BOT\PETRO_BOT.csproj]
c:\ProyectNet\PETRO_BOT\Components\Pages\ConfigDescuentos\ConfigDescuentos.razor(677,148): error CS0103: El nombre 'campoSeleccionandoModal' no existe en el contexto actual [c:\ProyectNet\PETRO_BOT\PETRO_BOT.csproj]
c:\ProyectNet\PETRO_BOT\Components\Pages\ConfigDescuentos\ConfigDescuentos.razor(677,193): error CS0103: El nombre 'campoSeleccionandoModal' no existe en el contexto actual [c:\ProyectNet\PETRO_BOT\PETRO_BOT.csproj]
c:\ProyectNet\PETRO_BOT\Components\Pages\ConfigDescuentos\ConfigDescuentos.razor(677,237): error CS0103: El nombre 'campoSeleccionandoModal' no existe en el contexto actual [c:\ProyectNet\PETRO_BOT\PETRO_BOT.csproj]
c:\ProyectNet\PETRO_BOT\Components\Pages\ConfigDescuentos\ConfigDescuentos.razor(677,280): error CS0103: El nombre 'campoSeleccionandoModal' no existe en el contexto actual [c:\ProyectNet\PETRO_BOT\PETRO_BOT.csproj]
c:\ProyectNet\PETRO_BOT\Components\Pages\ConfigDescuentos\ConfigDescuentos.razor(677,324): error CS0103: El nombre 'campoSeleccionandoModal' no existe en el contexto actual [c:\ProyectNet\PETRO_BOT\PETRO_BOT.csproj]
c:\ProyectNet\PETRO_BOT\Components\Pages\ConfigDescuentos\ConfigDescuentos.razor(677,374): error CS0103: El nombre 'campoSeleccionandoModal' no existe en el contexto actual [c:\ProyectNet\PETRO_BOT\PETRO_BOT.csproj]
c:\ProyectNet\PETRO_BOT\Components\Pages\ConfigDescuentos\ConfigDescuentos.razor(677,423): error CS0103: El nombre 'campoSeleccionandoModal' no existe en el contexto actual [c:\ProyectNet\PETRO_BOT\PETRO_BOT.csproj]
c:\ProyectNet\PETRO_BOT\Components\Pages\ConfigDescuentos\ConfigDescuentos.razor(680,74): error CS0103: El nombre 'GetMappedPropertyNameForCell' no existe en el contexto actual [c:\ProyectNet\PETRO_BOT\PETRO_BOT.csproj]
c:\ProyectNet\PETRO_BOT\Components\Pages\ConfigDescuentos\ConfigDescuentos.razor(685,61): error CS0103: El nombre 'campoSeleccionandoModal' no existe en el contexto actual [c:\ProyectNet\PETRO_BOT\PETRO_BOT.csproj]
c:\ProyectNet\PETRO_BOT\Components\Pages\ConfigDescuentos\ConfigDescuentos.razor(688,84): error CS0103: El nombre 'GetExcelColumnName' no existe en el contexto actual [c:\ProyectNet\PETRO_BOT\PETRO_BOT.csproj]
c:\ProyectNet\PETRO_BOT\Components\Pages\ConfigDescuentos\ConfigDescuentos.razor(690,66): error CS0103: El nombre 'campoSeleccionandoModal' no existe en el contexto actual [c:\ProyectNet\PETRO_BOT\PETRO_BOT.csproj]
c:\ProyectNet\PETRO_BOT\Components\Pages\ConfigDescuentos\ConfigDescuentos.razor(693,91): error CS0103: El nombre 'GetExcelColumnName' no existe en el contexto actual [c:\ProyectNet\PETRO_BOT\PETRO_BOT.csproj]
c:\ProyectNet\PETRO_BOT\Components\Pages\ConfigDescuentos\ConfigDescuentos.razor(695,66): error CS0103: El nombre 'campoSeleccionandoModal' no existe en el contexto actual [c:\ProyectNet\PETRO_BOT\PETRO_BOT.csproj]
c:\ProyectNet\PETRO_BOT\Components\Pages\ConfigDescuentos\ConfigDescuentos.razor(698,94): error CS0103: El nombre 'GetExcelColumnName' no existe en el contexto actual [c:\ProyectNet\PETRO_BOT\PETRO_BOT.csproj]
c:\ProyectNet\PETRO_BOT\Components\Pages\ConfigDescuentos\ConfigDescuentos.razor(700,66): error CS0103: El nombre 'campoSeleccionandoModal' no existe en el contexto actual [c:\ProyectNet\PETRO_BOT\PETRO_BOT.csproj]
c:\ProyectNet\PETRO_BOT\Components\Pages\ConfigDescuentos\ConfigDescuentos.razor(703,93): error CS0103: El nombre 'GetExcelColumnName' no existe en el contexto actual [c:\ProyectNet\PETRO_BOT\PETRO_BOT.csproj]
c:\ProyectNet\PETRO_BOT\Components\Pages\ConfigDescuentos\ConfigDescuentos.razor(705,66): error CS0103: El nombre 'campoSeleccionandoModal' no existe en el contexto actual [c:\ProyectNet\PETRO_BOT\PETRO_BOT.csproj]
c:\ProyectNet\PETRO_BOT\Components\Pages\ConfigDescuentos\ConfigDescuentos.razor(708,92): error CS0103: El nombre 'GetExcelColumnName' no existe en el contexto actual [c:\ProyectNet\PETRO_BOT\PETRO_BOT.csproj]
c:\ProyectNet\PETRO_BOT\Components\Pages\ConfigDescuentos\ConfigDescuentos.razor(710,66): error CS0103: El nombre 'campoSeleccionandoModal' no existe en el contexto actual [c:\ProyectNet\PETRO_BOT\PETRO_BOT.csproj]
c:\ProyectNet\PETRO_BOT\Components\Pages\ConfigDescuentos\ConfigDescuentos.razor(713,91): error CS0103: El nombre 'GetExcelColumnName' no existe en el contexto actual [c:\ProyectNet\PETRO_BOT\PETRO_BOT.csproj]
c:\ProyectNet\PETRO_BOT\Components\Pages\ConfigDescuentos\ConfigDescuentos.razor(715,66): error CS0103: El nombre 'campoSeleccionandoModal' no existe en el contexto actual [c:\ProyectNet\PETRO_BOT\PETRO_BOT.csproj]
c:\ProyectNet\PETRO_BOT\Components\Pages\ConfigDescuentos\ConfigDescuentos.razor(718,92): error CS0103: El nombre 'GetExcelColumnName' no existe en el contexto actual [c:\ProyectNet\PETRO_BOT\PETRO_BOT.csproj]
c:\ProyectNet\PETRO_BOT\Components\Pages\ConfigDescuentos\ConfigDescuentos.razor(720,66): error CS0103: El nombre 'campoSeleccionandoModal' no existe en el contexto actual [c:\ProyectNet\PETRO_BOT\PETRO_BOT.csproj]
c:\ProyectNet\PETRO_BOT\Components\Pages\ConfigDescuentos\ConfigDescuentos.razor(723,98): error CS0103: El nombre 'GetExcelColumnName' no existe en el contexto actual [c:\ProyectNet\PETRO_BOT\PETRO_BOT.csproj]
c:\ProyectNet\PETRO_BOT\Components\Pages\ConfigDescuentos\ConfigDescuentos.razor(725,66): error CS0103: El nombre 'campoSeleccionandoModal' no existe en el contexto actual [c:\ProyectNet\PETRO_BOT\PETRO_BOT.csproj]
c:\ProyectNet\PETRO_BOT\Components\Pages\ConfigDescuentos\ConfigDescuentos.razor(728,97): error CS0103: El nombre 'GetExcelColumnName' no existe en el contexto actual [c:\ProyectNet\PETRO_BOT\PETRO_BOT.csproj]
c:\ProyectNet\PETRO_BOT\Components\Pages\ConfigDescuentos\ConfigDescuentos.razor(733,81): error CS0103: El nombre 'SeleccionarCeldaDesdePlantilla' no existe en el contexto actual [c:\ProyectNet\PETRO_BOT\PETRO_BOT.csproj]
c:\ProyectNet\PETRO_BOT\Components\Pages\ConfigDescuentos\ConfigDescuentos.razor(735,73): error CS0103: El nombre 'GetCeldaStyle' no existe en el contexto actual [c:\ProyectNet\PETRO_BOT\PETRO_BOT.csproj]
c:\ProyectNet\PETRO_BOT\Components\Pages\ConfigDescuentos\ConfigDescuentos.razor(736,126): error CS0103: El nombre 'GetFriendlyLabel' no existe en el contexto actual [c:\ProyectNet\PETRO_BOT\PETRO_BOT.csproj]
c:\ProyectNet\PETRO_BOT\Components\Pages\ConfigDescuentos\ConfigDescuentos.razor(736,143): error CS0103: El nombre 'campoSeleccionandoModal' no existe en el contexto actual [c:\ProyectNet\PETRO_BOT\PETRO_BOT.csproj]
c:\ProyectNet\PETRO_BOT\Components\Pages\ConfigDescuentos\ConfigDescuentos.razor(751,73): error CS0103: El nombre 'GetCeldaStyle' no existe en el contexto actual [c:\ProyectNet\PETRO_BOT\PETRO_BOT.csproj]
c:\ProyectNet\PETRO_BOT\Components\Pages\ConfigDescuentos\ConfigDescuentos.razor(756,88): error CS0103: El nombre 'GetFriendlyLabel' no existe en el contexto actual [c:\ProyectNet\PETRO_BOT\PETRO_BOT.csproj]
c:\ProyectNet\PETRO_BOT\Components\Pages\ConfigDescuentos\ConfigDescuentos.razor(765,81): error CS0103: El nombre 'SeleccionarCeldaDesdePlantilla' no existe en el contexto actual [c:\ProyectNet\PETRO_BOT\PETRO_BOT.csproj]
c:\ProyectNet\PETRO_BOT\Components\Pages\ConfigDescuentos\ConfigDescuentos.razor(767,73): error CS0103: El nombre 'GetCeldaStyle' no existe en el contexto actual [c:\ProyectNet\PETRO_BOT\PETRO_BOT.csproj]
c:\ProyectNet\PETRO_BOT\Components\Pages\ConfigDescuentos\ConfigDescuentos.razor(768,116): error CS0103: El nombre 'GetFriendlyLabel' no existe en el contexto actual [c:\ProyectNet\PETRO_BOT\PETRO_BOT.csproj]
c:\ProyectNet\PETRO_BOT\Components\Pages\ConfigDescuentos\ConfigDescuentos.razor(768,133): error CS0103: El nombre 'campoSeleccionandoModal' no existe en el contexto actual [c:\ProyectNet\PETRO_BOT\PETRO_BOT.csproj]
c:\ProyectNet\PETRO_BOT\Components\Pages\ConfigDescuentos\ConfigDescuentos.razor(773,62): error CS0103: El nombre 'campoSeleccionandoModal' no existe en el contexto actual [c:\ProyectNet\PETRO_BOT\PETRO_BOT.csproj]
c:\ProyectNet\PETRO_BOT\Components\Pages\ConfigDescuentos\ConfigDescuentos.razor(777,77): error CS0103: El nombre 'SeleccionarFilaFinalDesdePlantilla' no existe en el contexto actual [c:\ProyectNet\PETRO_BOT\PETRO_BOT.csproj]
c:\ProyectNet\PETRO_BOT\Components\Pages\ConfigDescuentos\ConfigDescuentos.razor(779,69): error CS0103: El nombre 'GetCeldaStyle' no existe en el contexto actual [c:\ProyectNet\PETRO_BOT\PETRO_BOT.csproj]
c:\ProyectNet\PETRO_BOT\Components\Pages\ConfigDescuentos\ConfigDescuentos.razor(802,86): error CS0103: El nombre 'campoSeleccionandoModal' no existe en el contexto actual [c:\ProyectNet\PETRO_BOT\PETRO_BOT.csproj]
c:\ProyectNet\PETRO_BOT\Components\Pages\ConfigDescuentos\ConfigDescuentos.razor(805,74): error CS0103: El nombre 'GetMappedPropertyNameForCell' no existe en el contexto actual [c:\ProyectNet\PETRO_BOT\PETRO_BOT.csproj]
c:\ProyectNet\PETRO_BOT\Components\Pages\ConfigDescuentos\ConfigDescuentos.razor(807,90): error CS0103: El nombre 'campoSeleccionandoModal' no existe en el contexto actual [c:\ProyectNet\PETRO_BOT\PETRO_BOT.csproj]
c:\ProyectNet\PETRO_BOT\Components\Pages\ConfigDescuentos\ConfigDescuentos.razor(811,81): error CS0103: El nombre 'SeleccionarCeldaFilaDesdePlantilla' no existe en el contexto actual [c:\ProyectNet\PETRO_BOT\PETRO_BOT.csproj]
c:\ProyectNet\PETRO_BOT\Components\Pages\ConfigDescuentos\ConfigDescuentos.razor(813,73): error CS0103: El nombre 'GetCeldaStyle' no existe en el contexto actual [c:\ProyectNet\PETRO_BOT\PETRO_BOT.csproj]
c:\ProyectNet\PETRO_BOT\Components\Pages\ConfigDescuentos\ConfigDescuentos.razor(814,126): error CS0103: El nombre 'GetFriendlyLabel' no existe en el contexto actual [c:\ProyectNet\PETRO_BOT\PETRO_BOT.csproj]
c:\ProyectNet\PETRO_BOT\Components\Pages\ConfigDescuentos\ConfigDescuentos.razor(814,143): error CS0103: El nombre 'campoSeleccionandoModal' no existe en el contexto actual [c:\ProyectNet\PETRO_BOT\PETRO_BOT.csproj]
c:\ProyectNet\PETRO_BOT\Components\Pages\ConfigDescuentos\ConfigDescuentos.razor(819,87): error CS0103: El nombre 'GetExcelColumnName' no existe en el contexto actual [c:\ProyectNet\PETRO_BOT\PETRO_BOT.csproj]
c:\ProyectNet\PETRO_BOT\Components\Pages\ConfigDescuentos\ConfigDescuentos.razor(819,134): error CS0103: El nombre 'GetFriendlyLabel' no existe en el contexto actual [c:\ProyectNet\PETRO_BOT\PETRO_BOT.csproj]
c:\ProyectNet\PETRO_BOT\Components\Pages\ConfigDescuentos\ConfigDescuentos.razor(819,151): error CS0103: El nombre 'campoSeleccionandoModal' no existe en el contexto actual [c:\ProyectNet\PETRO_BOT\PETRO_BOT.csproj]
c:\ProyectNet\PETRO_BOT\Components\Pages\ConfigDescuentos\ConfigDescuentos.razor(829,73): error CS0103: El nombre 'GetCeldaStyle' no existe en el contexto actual [c:\ProyectNet\PETRO_BOT\PETRO_BOT.csproj]
c:\ProyectNet\PETRO_BOT\Components\Pages\ConfigDescuentos\ConfigDescuentos.razor(834,88): error CS0103: El nombre 'GetFriendlyLabel' no existe en el contexto actual [c:\ProyectNet\PETRO_BOT\PETRO_BOT.csproj]
c:\ProyectNet\PETRO_BOT\Components\Pages\ConfigDescuentos\ConfigDescuentos.razor(843,81): error CS0103: El nombre 'SeleccionarCeldaFilaDesdePlantilla' no existe en el contexto actual [c:\ProyectNet\PETRO_BOT\PETRO_BOT.csproj]
c:\ProyectNet\PETRO_BOT\Components\Pages\ConfigDescuentos\ConfigDescuentos.razor(845,73): error CS0103: El nombre 'GetCeldaStyle' no existe en el contexto actual [c:\ProyectNet\PETRO_BOT\PETRO_BOT.csproj]
c:\ProyectNet\PETRO_BOT\Components\Pages\ConfigDescuentos\ConfigDescuentos.razor(846,116): error CS0103: El nombre 'GetFriendlyLabel' no existe en el contexto actual [c:\ProyectNet\PETRO_BOT\PETRO_BOT.csproj]
c:\ProyectNet\PETRO_BOT\Components\Pages\ConfigDescuentos\ConfigDescuentos.razor(846,133): error CS0103: El nombre 'campoSeleccionandoModal' no existe en el contexto actual [c:\ProyectNet\PETRO_BOT\PETRO_BOT.csproj]
c:\ProyectNet\PETRO_BOT\Components\Pages\ConfigDescuentos\ConfigDescuentos.razor(854,74): error CS0103: El nombre 'GetMappedPropertyNameForCell' no existe en el contexto actual [c:\ProyectNet\PETRO_BOT\PETRO_BOT.csproj]
c:\ProyectNet\PETRO_BOT\Components\Pages\ConfigDescuentos\ConfigDescuentos.razor(858,73): error CS0103: El nombre 'GetCeldaStyle' no existe en el contexto actual [c:\ProyectNet\PETRO_BOT\PETRO_BOT.csproj]
c:\ProyectNet\PETRO_BOT\Components\Pages\ConfigDescuentos\ConfigDescuentos.razor(863,94): error CS0103: El nombre 'GetExcelColumnName' no existe en el contexto actual [c:\ProyectNet\PETRO_BOT\PETRO_BOT.csproj]
c:\ProyectNet\PETRO_BOT\Components\Pages\ConfigDescuentos\ConfigDescuentos.razor(876,77): error CS0103: El nombre 'GetCeldaStyle' no existe en el contexto actual [c:\ProyectNet\PETRO_BOT\PETRO_BOT.csproj]
c:\ProyectNet\PETRO_BOT\Components\Pages\ConfigDescuentos\ConfigDescuentos.razor(895,77): error CS0103: El nombre 'GetCeldaStyle' no existe en el contexto actual [c:\ProyectNet\PETRO_BOT\PETRO_BOT.csproj]
c:\ProyectNet\PETRO_BOT\Components\Pages\ConfigDescuentos\ConfigDescuentos.razor(915,35): error CS0103: El nombre 'CerrarModalVerPlantilla' no existe en el contexto actual [c:\ProyectNet\PETRO_BOT\PETRO_BOT.csproj]
c:\ProyectNet\PETRO_BOT\Components\Pages\ConfigDescuentos\ConfigDescuentos.razor(1432,9): error CS0103: El nombre 'GuardarConfiguracion' no existe en el contexto actual [c:\ProyectNet\PETRO_BOT\PETRO_BOT.csproj]
c:\ProyectNet\PETRO_BOT\Components\Pages\ConfigDescuentos\ConfigDescuentos.razor(1447,13): error CS0103: El nombre 'SeleccionarGrifoInternal' no existe en el contexto actual [c:\ProyectNet\PETRO_BOT\PETRO_BOT.csproj]
c:\ProyectNet\PETRO_BOT\Components\Pages\ConfigDescuentos\ConfigDescuentos.razor(1546,9): error CS0103: El nombre 'CargarConfiguracion' no existe en el contexto actual [c:\ProyectNet\PETRO_BOT\PETRO_BOT.csproj]
    9 Advertencia(s)
    165 Errores

Tiempo transcurrido 00:00:03.27
